INFO:root:Starting the logger.
INFO:root:Using cuda.
INFO:root:: mem (CPU python)=580.78125MB; mem (CPU total)=6091.14453125MB
INFO:root:############### Starting experiment with config file sswe/sfno_deterministic_2_1_10h.ini ###############
INFO:root:###1 out of 1 data set parameter combinations ###
INFO:root:Data parameters: {'dataset_name': 'SSWE', 'max_training_set_size': 5000, 'pred_horizon': 10, 'train_horizon': 2, 'stepwise_evaluation': False}
INFO:root:After loading the datasets: mem (CPU python)=591.74609375MB; mem (CPU total)=6095.6953125MB
INFO:root:###1 out of 3 training parameter combinations ###
INFO:root:Training parameters: {'seed': 12345, 'model': 'SFNO', 'uncertainty_quantification': 'deterministic', 'batch_size': 32, 'n_epochs': 1000, 'early_stopping': 10, 'init': 'default', 'learning_rate': 0.005, 'lr_schedule': 'step', 'optimizer': 'adam', 'gradient_clipping': 1, 'layer_normalization': True, 'data_loader_pin_memory': False, 'data_loader_num_workers': 0, 'distributed_training': False, 'alpha': 0.05, 'n_samples_uq': 100, 'weight_decay': 0, 'dropout': 0.001, 'fourier_dropout': None, 'hidden_channels': 32, 'projection_channels': 256, 'lifting_channels': 256, 'n_modes': (32, 32), 'n_samples': 3, 'filename_to_validate': 'results/optimal_hp_multiple_seeds/sswe/fno_1h_2/deterministic/same_seed/20250226_180301_sswe_sfno_deterministic_2_1/Datetime_20250226_180302_Loss_SSWE_SFNO_deterministic_dropout_0.001.pt'}
INFO:root:After creating the dataloaders: mem (CPU python)=593.296875MB; mem (CPU total)=6095.6953125MB
INFO:root:Starting evaluation: model SFNO & uncertainty quantification deterministic
INFO:root:Evaluating the model on Validation data.
INFO:root:MSEValidation: 0.39614
INFO:root:EnergyScoreValidation: 0.39614
INFO:root:CRPSValidation: 0.15994
INFO:root:Gaussian NLLValidation: 26297882910.91923
INFO:root:CoverageValidation: 0.0
INFO:root:IntervalWidthValidation: 0.0
INFO:root:Evaluating the model on Test data.
INFO:root:MSETest: 0.88207
INFO:root:EnergyScoreTest: 0.87743
INFO:root:CRPSTest: 0.3813
INFO:root:Gaussian NLLTest: 132166317899.77599
INFO:root:CoverageTest: 0.0
INFO:root:IntervalWidthTest: 0.0
INFO:root:After validation: mem (CPU python)=3004.3515625MB; mem (CPU total)=7987.6953125MB
INFO:root:###2 out of 3 training parameter combinations ###
INFO:root:Training parameters: {'seed': 12345, 'model': 'SFNO', 'uncertainty_quantification': 'deterministic', 'batch_size': 32, 'n_epochs': 1000, 'early_stopping': 10, 'init': 'default', 'learning_rate': 0.005, 'lr_schedule': 'step', 'optimizer': 'adam', 'gradient_clipping': 1, 'layer_normalization': True, 'data_loader_pin_memory': False, 'data_loader_num_workers': 0, 'distributed_training': False, 'alpha': 0.05, 'n_samples_uq': 100, 'weight_decay': 0, 'dropout': 0.001, 'fourier_dropout': None, 'hidden_channels': 32, 'projection_channels': 256, 'lifting_channels': 256, 'n_modes': (32, 32), 'n_samples': 3, 'filename_to_validate': 'results/optimal_hp_multiple_seeds/sswe/fno_1h_2/deterministic/same_seed/20250226_180301_sswe_sfno_deterministic_2_1/Datetime_20250226_201021_Loss_SSWE_SFNO_deterministic_dropout_0.001.pt'}
INFO:root:After creating the dataloaders: mem (CPU python)=3004.3515625MB; mem (CPU total)=7987.6953125MB
INFO:root:Starting evaluation: model SFNO & uncertainty quantification deterministic
INFO:root:Evaluating the model on Validation data.
INFO:root:MSEValidation: 0.40992
INFO:root:EnergyScoreValidation: 0.40992
INFO:root:CRPSValidation: 0.16449
INFO:root:Gaussian NLLValidation: 28105114280.99917
INFO:root:CoverageValidation: 0.0
INFO:root:IntervalWidthValidation: 0.0
INFO:root:Evaluating the model on Test data.
INFO:root:MSETest: 0.87816
INFO:root:EnergyScoreTest: 0.87369
INFO:root:CRPSTest: 0.37887
INFO:root:Gaussian NLLTest: 130756826693.63197
INFO:root:CoverageTest: 0.0
INFO:root:IntervalWidthTest: 0.0
INFO:root:After validation: mem (CPU python)=3039.23046875MB; mem (CPU total)=8008.2734375MB
INFO:root:###3 out of 3 training parameter combinations ###
INFO:root:Training parameters: {'seed': 12345, 'model': 'SFNO', 'uncertainty_quantification': 'deterministic', 'batch_size': 32, 'n_epochs': 1000, 'early_stopping': 10, 'init': 'default', 'learning_rate': 0.005, 'lr_schedule': 'step', 'optimizer': 'adam', 'gradient_clipping': 1, 'layer_normalization': True, 'data_loader_pin_memory': False, 'data_loader_num_workers': 0, 'distributed_training': False, 'alpha': 0.05, 'n_samples_uq': 100, 'weight_decay': 0, 'dropout': 0.001, 'fourier_dropout': None, 'hidden_channels': 32, 'projection_channels': 256, 'lifting_channels': 256, 'n_modes': (32, 32), 'n_samples': 3, 'filename_to_validate': 'results/optimal_hp_multiple_seeds/sswe/fno_1h_2/deterministic/same_seed/20250226_180301_sswe_sfno_deterministic_2_1/Datetime_20250226_223309_Loss_SSWE_SFNO_deterministic_dropout_0.001.pt'}
INFO:root:After creating the dataloaders: mem (CPU python)=3039.23046875MB; mem (CPU total)=8008.2109375MB
INFO:root:Starting evaluation: model SFNO & uncertainty quantification deterministic
INFO:root:Evaluating the model on Validation data.
INFO:root:MSEValidation: 0.39285
INFO:root:EnergyScoreValidation: 0.39285
INFO:root:CRPSValidation: 0.1594
INFO:root:Gaussian NLLValidation: 25827055075.6188
INFO:root:CoverageValidation: 0.0
INFO:root:IntervalWidthValidation: 0.0
INFO:root:Evaluating the model on Test data.
INFO:root:MSETest: 0.96652
INFO:root:EnergyScoreTest: 0.96198
INFO:root:CRPSTest: 0.40868
INFO:root:Gaussian NLLTest: 159695696429.05603
INFO:root:CoverageTest: 0.0
INFO:root:IntervalWidthTest: 0.0
INFO:root:After validation: mem (CPU python)=3069.5078125MB; mem (CPU total)=8114.76953125MB
