INFO:root:Starting the logger.
INFO:root:Using cuda.
INFO:root:: mem (CPU python)=573.23828125MB; mem (CPU total)=1022.47265625MB
INFO:root:############### Starting experiment with config file sswe/sfno_laplace_1_1_10h.ini ###############
INFO:root:###1 out of 1 data set parameter combinations ###
INFO:root:Data parameters: {'dataset_name': 'SSWE', 'max_training_set_size': 5000, 'pred_horizon': 10, 'train_horizon': 1, 'stepwise_evaluation': False}
INFO:root:After loading the datasets: mem (CPU python)=583.95703125MB; mem (CPU total)=1025.28515625MB
INFO:root:###1 out of 3 training parameter combinations ###
INFO:root:Training parameters: {'seed': 12345, 'model': 'SFNO', 'uncertainty_quantification': 'laplace', 'batch_size': 32, 'n_epochs': 1000, 'early_stopping': 10, 'init': 'default', 'learning_rate': 0.005, 'lr_schedule': 'step', 'optimizer': 'adam', 'gradient_clipping': 1, 'layer_normalization': True, 'data_loader_pin_memory': False, 'data_loader_num_workers': 0, 'distributed_training': False, 'alpha': 0.05, 'n_samples_uq': 100, 'weight_decay': 0, 'dropout': 0.001, 'fourier_dropout': None, 'hidden_channels': 32, 'projection_channels': 256, 'lifting_channels': 256, 'n_modes': (32, 32), 'n_samples': 3, 'filename_to_validate': 'results/optimal_hp_multiple_seeds/sswe/fno_1h_1/laplace/20250225_113925_sswe_sfno_laplace_1_1/Datetime_20250225_113926_Loss_SSWE_SFNO_laplace_dropout_0.001.pt'}
INFO:root:After creating the dataloaders: mem (CPU python)=585.57421875MB; mem (CPU total)=1026.41796875MB
INFO:root:Starting evaluation: model SFNO & uncertainty quantification laplace
INFO:root:Evaluating the model on Validation data.
INFO:root:MSEValidation: 0.28554
INFO:root:EnergyScoreValidation: 0.20927
INFO:root:CRPSValidation: 0.09212
INFO:root:Gaussian NLLValidation: -0.28342
INFO:root:CoverageValidation: 0.95699
INFO:root:IntervalWidthValidation: 0.84308
INFO:root:Evaluating the model on Test data.
INFO:root:MSETest: 17.07141
INFO:root:EnergyScoreTest: 2.23211
INFO:root:CRPSTest: 0.97303
INFO:root:Gaussian NLLTest: 4.46293
INFO:root:CoverageTest: 0.99996
INFO:root:IntervalWidthTest: 91.23372
INFO:root:After validation: mem (CPU python)=3338.7109375MB; mem (CPU total)=5752.421875MB
INFO:root:###2 out of 3 training parameter combinations ###
INFO:root:Training parameters: {'seed': 12345, 'model': 'SFNO', 'uncertainty_quantification': 'laplace', 'batch_size': 32, 'n_epochs': 1000, 'early_stopping': 10, 'init': 'default', 'learning_rate': 0.005, 'lr_schedule': 'step', 'optimizer': 'adam', 'gradient_clipping': 1, 'layer_normalization': True, 'data_loader_pin_memory': False, 'data_loader_num_workers': 0, 'distributed_training': False, 'alpha': 0.05, 'n_samples_uq': 100, 'weight_decay': 0, 'dropout': 0.001, 'fourier_dropout': None, 'hidden_channels': 32, 'projection_channels': 256, 'lifting_channels': 256, 'n_modes': (32, 32), 'n_samples': 3, 'filename_to_validate': 'results/optimal_hp_multiple_seeds/sswe/fno_1h_1/laplace/20250225_113925_sswe_sfno_laplace_1_1/Datetime_20250225_135948_Loss_SSWE_SFNO_laplace_dropout_0.001.pt'}
INFO:root:After creating the dataloaders: mem (CPU python)=3338.7109375MB; mem (CPU total)=5779.35546875MB
INFO:root:Starting evaluation: model SFNO & uncertainty quantification laplace
INFO:root:Evaluating the model on Validation data.
INFO:root:MSEValidation: 0.28759
INFO:root:EnergyScoreValidation: 0.20902
INFO:root:CRPSValidation: 0.09257
INFO:root:Gaussian NLLValidation: -0.27576
INFO:root:CoverageValidation: 0.95206
INFO:root:IntervalWidthValidation: 0.82491
INFO:root:Evaluating the model on Test data.
INFO:root:MSETest: 2455.41414
INFO:root:EnergyScoreTest: 12.00621
INFO:root:CRPSTest: 4.85071
INFO:root:Gaussian NLLTest: 7.22374
INFO:root:CoverageTest: 1.0
INFO:root:IntervalWidthTest: 587.74595
INFO:root:After validation: mem (CPU python)=3338.7109375MB; mem (CPU total)=8113.77734375MB
INFO:root:###3 out of 3 training parameter combinations ###
INFO:root:Training parameters: {'seed': 12345, 'model': 'SFNO', 'uncertainty_quantification': 'laplace', 'batch_size': 32, 'n_epochs': 1000, 'early_stopping': 10, 'init': 'default', 'learning_rate': 0.005, 'lr_schedule': 'step', 'optimizer': 'adam', 'gradient_clipping': 1, 'layer_normalization': True, 'data_loader_pin_memory': False, 'data_loader_num_workers': 0, 'distributed_training': False, 'alpha': 0.05, 'n_samples_uq': 100, 'weight_decay': 0, 'dropout': 0.001, 'fourier_dropout': None, 'hidden_channels': 32, 'projection_channels': 256, 'lifting_channels': 256, 'n_modes': (32, 32), 'n_samples': 3, 'filename_to_validate': 'results/optimal_hp_multiple_seeds/sswe/fno_1h_1/laplace/20250225_113925_sswe_sfno_laplace_1_1/Datetime_20250225_160959_Loss_SSWE_SFNO_laplace_dropout_0.001.pt'}
INFO:root:After creating the dataloaders: mem (CPU python)=3338.7109375MB; mem (CPU total)=8113.77734375MB
INFO:root:Starting evaluation: model SFNO & uncertainty quantification laplace
INFO:root:Evaluating the model on Validation data.
INFO:root:MSEValidation: 0.2977
INFO:root:EnergyScoreValidation: 0.22156
INFO:root:CRPSValidation: 0.10021
INFO:root:Gaussian NLLValidation: -0.15176
INFO:root:CoverageValidation: 0.95142
INFO:root:IntervalWidthValidation: 0.94152
INFO:root:Evaluating the model on Test data.
INFO:root:MSETest: 622.43072
INFO:root:EnergyScoreTest: 9.67044
INFO:root:CRPSTest: 3.75046
INFO:root:Gaussian NLLTest: 7.10741
INFO:root:CoverageTest: 1.0
INFO:root:IntervalWidthTest: 925.34768
INFO:root:After validation: mem (CPU python)=3354.62109375MB; mem (CPU total)=7991.05078125MB
