INFO:root:Starting the logger.
INFO:root:Using cuda.
INFO:root:: mem (CPU python)=581.20703125MB; mem (CPU total)=6192.64453125MB
INFO:root:############### Starting experiment with config file sswe/sfno_deterministic_2_2_10h.ini ###############
INFO:root:###1 out of 1 data set parameter combinations ###
INFO:root:Data parameters: {'dataset_name': 'SSWE', 'max_training_set_size': 5000, 'pred_horizon': 10, 'train_horizon': 2, 'stepwise_evaluation': False}
INFO:root:After loading the datasets: mem (CPU python)=592.14453125MB; mem (CPU total)=6197.859375MB
INFO:root:###1 out of 3 training parameter combinations ###
INFO:root:Training parameters: {'seed': 12345, 'model': 'SFNO', 'uncertainty_quantification': 'deterministic', 'batch_size': 32, 'n_epochs': 1000, 'early_stopping': 10, 'init': 'default', 'learning_rate': 0.005, 'lr_schedule': 'step', 'optimizer': 'adam', 'gradient_clipping': 1, 'layer_normalization': True, 'data_loader_pin_memory': False, 'data_loader_num_workers': 0, 'distributed_training': False, 'alpha': 0.05, 'n_samples_uq': 100, 'weight_decay': 0, 'dropout': 0.001, 'fourier_dropout': None, 'hidden_channels': 32, 'projection_channels': 256, 'lifting_channels': 256, 'n_modes': (32, 32), 'n_samples': 3, 'filename_to_validate': 'results/optimal_hp_multiple_seeds/sswe/fno_1h_2/deterministic/same_seed/20250227_010206_sswe_sfno_deterministic_2_2/Datetime_20250227_010207_Loss_SSWE_SFNO_deterministic_dropout_0.001.pt'}
INFO:root:After creating the dataloaders: mem (CPU python)=593.59765625MB; mem (CPU total)=6197.859375MB
INFO:root:Starting evaluation: model SFNO & uncertainty quantification deterministic
INFO:root:Evaluating the model on Validation data.
INFO:root:MSEValidation: 0.40501
INFO:root:EnergyScoreValidation: 0.40501
INFO:root:CRPSValidation: 0.16536
INFO:root:Gaussian NLLValidation: 27827202610.75863
INFO:root:CoverageValidation: 0.0
INFO:root:IntervalWidthValidation: 0.0
INFO:root:Evaluating the model on Test data.
INFO:root:MSETest: 1.06698
INFO:root:EnergyScoreTest: 1.06149
INFO:root:CRPSTest: 0.44849
INFO:root:Gaussian NLLTest: 194711595384.83203
INFO:root:CoverageTest: 0.0
INFO:root:IntervalWidthTest: 0.0
INFO:root:After validation: mem (CPU python)=3032.42578125MB; mem (CPU total)=7924.91015625MB
INFO:root:###2 out of 3 training parameter combinations ###
INFO:root:Training parameters: {'seed': 12345, 'model': 'SFNO', 'uncertainty_quantification': 'deterministic', 'batch_size': 32, 'n_epochs': 1000, 'early_stopping': 10, 'init': 'default', 'learning_rate': 0.005, 'lr_schedule': 'step', 'optimizer': 'adam', 'gradient_clipping': 1, 'layer_normalization': True, 'data_loader_pin_memory': False, 'data_loader_num_workers': 0, 'distributed_training': False, 'alpha': 0.05, 'n_samples_uq': 100, 'weight_decay': 0, 'dropout': 0.001, 'fourier_dropout': None, 'hidden_channels': 32, 'projection_channels': 256, 'lifting_channels': 256, 'n_modes': (32, 32), 'n_samples': 3, 'filename_to_validate': 'results/optimal_hp_multiple_seeds/sswe/fno_1h_2/deterministic/same_seed/20250227_010206_sswe_sfno_deterministic_2_2/Datetime_20250227_032345_Loss_SSWE_SFNO_deterministic_dropout_0.001.pt'}
INFO:root:After creating the dataloaders: mem (CPU python)=3032.42578125MB; mem (CPU total)=7930.6328125MB
INFO:root:Starting evaluation: model SFNO & uncertainty quantification deterministic
INFO:root:Evaluating the model on Validation data.
INFO:root:MSEValidation: 0.32756
INFO:root:EnergyScoreValidation: 0.32756
INFO:root:CRPSValidation: 0.13674
INFO:root:Gaussian NLLValidation: 18078700293.11836
INFO:root:CoverageValidation: 0.0
INFO:root:IntervalWidthValidation: 0.0
INFO:root:Evaluating the model on Test data.
