INFO:root:Starting the logger.
INFO:root:Using cuda.
INFO:root:: mem (CPU python)=575.76953125MB; mem (CPU total)=4885.82421875MB
INFO:root:############### Starting experiment with config file sswe/sfno_sr_dropout_2_1_10h.ini ###############
INFO:root:###1 out of 1 data set parameter combinations ###
INFO:root:Data parameters: {'dataset_name': 'SSWE', 'max_training_set_size': 5000, 'pred_horizon': 10, 'train_horizon': 2, 'stepwise_evaluation': False}
INFO:root:After loading the datasets: mem (CPU python)=586.83984375MB; mem (CPU total)=4889.36328125MB
INFO:root:###1 out of 3 training parameter combinations ###
INFO:root:Training parameters: {'seed': 12345, 'model': 'SFNO', 'uncertainty_quantification': 'scoring-rule-dropout', 'batch_size': 32, 'n_epochs': 1000, 'early_stopping': 10, 'init': 'default', 'learning_rate': 0.005, 'lr_schedule': 'step', 'optimizer': 'adam', 'gradient_clipping': 1, 'layer_normalization': True, 'data_loader_pin_memory': False, 'data_loader_num_workers': 0, 'distributed_training': False, 'alpha': 0.05, 'n_samples_uq': 100, 'weight_decay': 0, 'dropout': 0.01, 'fourier_dropout': None, 'hidden_channels': 32, 'projection_channels': 256, 'lifting_channels': 256, 'n_modes': (32, 32), 'n_samples': 3, 'filename_to_validate': 'results/optimal_hp_multiple_seeds/sswe/fno_1h_2/sr_dropout/same_seed/20250226_220449_sswe_sfno_sr_dropout_2_1/Datetime_20250226_220450_Loss_SSWE_SFNO_scoring-rule-dropout_dropout_0.01.pt'}
INFO:root:After creating the dataloaders: mem (CPU python)=588.19921875MB; mem (CPU total)=4889.85546875MB
INFO:root:Starting evaluation: model SFNO & uncertainty quantification scoring-rule-dropout
INFO:root:Evaluating the model on Validation data.
INFO:root:MSEValidation: 0.35528
INFO:root:EnergyScoreValidation: 0.27383
INFO:root:CRPSValidation: 0.11386
INFO:root:Gaussian NLLValidation: -0.16468
INFO:root:CoverageValidation: 0.98428
INFO:root:IntervalWidthValidation: 1.21267
INFO:root:Evaluating the model on Test data.
INFO:root:MSETest: 980.56935
INFO:root:EnergyScoreTest: 0.66044
INFO:root:CRPSTest: 0.29879
INFO:root:Gaussian NLLTest: 2.68343
INFO:root:CoverageTest: 0.99652
INFO:root:IntervalWidthTest: 5.45441
INFO:root:After validation: mem (CPU python)=4347.2734375MB; mem (CPU total)=11321.73828125MB
INFO:root:###2 out of 3 training parameter combinations ###
INFO:root:Training parameters: {'seed': 12345, 'model': 'SFNO', 'uncertainty_quantification': 'scoring-rule-dropout', 'batch_size': 32, 'n_epochs': 1000, 'early_stopping': 10, 'init': 'default', 'learning_rate': 0.005, 'lr_schedule': 'step', 'optimizer': 'adam', 'gradient_clipping': 1, 'layer_normalization': True, 'data_loader_pin_memory': False, 'data_loader_num_workers': 0, 'distributed_training': False, 'alpha': 0.05, 'n_samples_uq': 100, 'weight_decay': 0, 'dropout': 0.01, 'fourier_dropout': None, 'hidden_channels': 32, 'projection_channels': 256, 'lifting_channels': 256, 'n_modes': (32, 32), 'n_samples': 3, 'filename_to_validate': 'results/optimal_hp_multiple_seeds/sswe/fno_1h_2/sr_dropout/same_seed/20250226_220449_sswe_sfno_sr_dropout_2_1/Datetime_20250227_012358_Loss_SSWE_SFNO_scoring-rule-dropout_dropout_0.01.pt'}
INFO:root:After creating the dataloaders: mem (CPU python)=4347.2734375MB; mem (CPU total)=11321.71875MB
INFO:root:Starting evaluation: model SFNO & uncertainty quantification scoring-rule-dropout
INFO:root:Evaluating the model on Validation data.
INFO:root:MSEValidation: 0.38288
INFO:root:EnergyScoreValidation: 0.2866
INFO:root:CRPSValidation: 0.1194
INFO:root:Gaussian NLLValidation: -0.11899
INFO:root:CoverageValidation: 0.98736
INFO:root:IntervalWidthValidation: 1.2362
INFO:root:Evaluating the model on Test data.
INFO:root:MSETest: 2235892.36663
INFO:root:EnergyScoreTest: -245.3221
INFO:root:CRPSTest: 0.31349
INFO:root:Gaussian NLLTest: 99.18555
INFO:root:CoverageTest: 0.98503
INFO:root:IntervalWidthTest: 3.63791
INFO:root:After validation: mem (CPU python)=4358.1015625MB; mem (CPU total)=11432.015625MB
INFO:root:###3 out of 3 training parameter combinations ###
INFO:root:Training parameters: {'seed': 12345, 'model': 'SFNO', 'uncertainty_quantification': 'scoring-rule-dropout', 'batch_size': 32, 'n_epochs': 1000, 'early_stopping': 10, 'init': 'default', 'learning_rate': 0.005, 'lr_schedule': 'step', 'optimizer': 'adam', 'gradient_clipping': 1, 'layer_normalization': True, 'data_loader_pin_memory': False, 'data_loader_num_workers': 0, 'distributed_training': False, 'alpha': 0.05, 'n_samples_uq': 100, 'weight_decay': 0, 'dropout': 0.01, 'fourier_dropout': None, 'hidden_channels': 32, 'projection_channels': 256, 'lifting_channels': 256, 'n_modes': (32, 32), 'n_samples': 3, 'filename_to_validate': 'results/optimal_hp_multiple_seeds/sswe/fno_1h_2/sr_dropout/same_seed/20250226_220449_sswe_sfno_sr_dropout_2_1/Datetime_20250227_045436_Loss_SSWE_SFNO_scoring-rule-dropout_dropout_0.01.pt'}
INFO:root:After creating the dataloaders: mem (CPU python)=4358.1015625MB; mem (CPU total)=11431.98046875MB
INFO:root:Starting evaluation: model SFNO & uncertainty quantification scoring-rule-dropout
INFO:root:Evaluating the model on Validation data.
INFO:root:MSEValidation: 0.35983
INFO:root:EnergyScoreValidation: 0.2809
INFO:root:CRPSValidation: 0.11699
INFO:root:Gaussian NLLValidation: -0.12725
INFO:root:CoverageValidation: 0.98491
INFO:root:IntervalWidthValidation: 1.27231
INFO:root:Evaluating the model on Test data.
INFO:root:MSETest: 197921.82205
INFO:root:EnergyScoreTest: -13.80137
INFO:root:CRPSTest: 0.32801
INFO:root:Gaussian NLLTest: 5.18957
INFO:root:CoverageTest: 0.99338
INFO:root:IntervalWidthTest: 6.8873
INFO:root:After validation: mem (CPU python)=4378.8828125MB; mem (CPU total)=11355.87890625MB
