INFO:root:Starting the logger.
INFO:root:Using cuda.
INFO:root:: mem (CPU python)=574.37890625MB; mem (CPU total)=8181.30859375MB
INFO:root:############### Starting experiment with config file sswe/sfno_dropout_2_2_10h.ini ###############
INFO:root:###1 out of 1 data set parameter combinations ###
INFO:root:Data parameters: {'dataset_name': 'SSWE', 'max_training_set_size': 5000, 'pred_horizon': 10, 'train_horizon': 2, 'stepwise_evaluation': False}
INFO:root:After loading the datasets: mem (CPU python)=585.4296875MB; mem (CPU total)=8185.69921875MB
INFO:root:###1 out of 3 training parameter combinations ###
INFO:root:Training parameters: {'seed': 12345, 'model': 'SFNO', 'uncertainty_quantification': 'dropout', 'batch_size': 32, 'n_epochs': 1000, 'early_stopping': 10, 'init': 'default', 'learning_rate': 0.005, 'lr_schedule': 'step', 'optimizer': 'adam', 'gradient_clipping': 1, 'layer_normalization': True, 'data_loader_pin_memory': False, 'data_loader_num_workers': 0, 'distributed_training': False, 'alpha': 0.05, 'n_samples_uq': 100, 'weight_decay': 0, 'dropout': 0.01, 'fourier_dropout': None, 'hidden_channels': 32, 'projection_channels': 256, 'lifting_channels': 256, 'n_modes': (32, 32), 'n_samples': 3, 'filename_to_validate': 'results/optimal_hp_multiple_seeds/sswe/fno_1h_2/dropout/same_seed/20250227_040824_sswe_sfno_dropout_2_2/Datetime_20250227_040824_Loss_SSWE_SFNO_dropout_dropout_0.01.pt'}
INFO:root:After creating the dataloaders: mem (CPU python)=586.9140625MB; mem (CPU total)=8185.69921875MB
INFO:root:Starting evaluation: model SFNO & uncertainty quantification dropout
INFO:root:Evaluating the model on Validation data.
INFO:root:MSEValidation: 2.83214
INFO:root:EnergyScoreValidation: 2.40173
INFO:root:CRPSValidation: 1.17188
INFO:root:Gaussian NLLValidation: 16.1399
INFO:root:CoverageValidation: 0.39045
INFO:root:IntervalWidthValidation: 1.66701
INFO:root:Evaluating the model on Test data.
INFO:root:MSETest: 341.44513
INFO:root:EnergyScoreTest: 78.70862
INFO:root:CRPSTest: 35.84085
INFO:root:Gaussian NLLTest: 6.31008
INFO:root:CoverageTest: 0.74748
INFO:root:IntervalWidthTest: 569.36391
INFO:root:After validation: mem (CPU python)=4349.12109375MB; mem (CPU total)=11288.66796875MB
INFO:root:###2 out of 3 training parameter combinations ###
INFO:root:Training parameters: {'seed': 12345, 'model': 'SFNO', 'uncertainty_quantification': 'dropout', 'batch_size': 32, 'n_epochs': 1000, 'early_stopping': 10, 'init': 'default', 'learning_rate': 0.005, 'lr_schedule': 'step', 'optimizer': 'adam', 'gradient_clipping': 1, 'layer_normalization': True, 'data_loader_pin_memory': False, 'data_loader_num_workers': 0, 'distributed_training': False, 'alpha': 0.05, 'n_samples_uq': 100, 'weight_decay': 0, 'dropout': 0.01, 'fourier_dropout': None, 'hidden_channels': 32, 'projection_channels': 256, 'lifting_channels': 256, 'n_modes': (32, 32), 'n_samples': 3, 'filename_to_validate': 'results/optimal_hp_multiple_seeds/sswe/fno_1h_2/dropout/same_seed/20250227_040824_sswe_sfno_dropout_2_2/Datetime_20250227_064518_Loss_SSWE_SFNO_dropout_dropout_0.01.pt'}
INFO:root:After creating the dataloaders: mem (CPU python)=4349.12109375MB; mem (CPU total)=11287.94921875MB
INFO:root:Starting evaluation: model SFNO & uncertainty quantification dropout
INFO:root:Evaluating the model on Validation data.
INFO:root:MSEValidation: 3.29039
INFO:root:EnergyScoreValidation: 2.77375
INFO:root:CRPSValidation: 1.40083
INFO:root:Gaussian NLLValidation: 11.0566
INFO:root:CoverageValidation: 0.22651
INFO:root:IntervalWidthValidation: 1.93543
INFO:root:Evaluating the model on Test data.
INFO:root:MSETest: 1282.31921
INFO:root:EnergyScoreTest: 40.50084
INFO:root:CRPSTest: 18.55654
INFO:root:Gaussian NLLTest: 7.53271
INFO:root:CoverageTest: 0.99503
INFO:root:IntervalWidthTest: 1270.84552
INFO:root:After validation: mem (CPU python)=4371.86328125MB; mem (CPU total)=11308.16796875MB
INFO:root:###3 out of 3 training parameter combinations ###
INFO:root:Training parameters: {'seed': 12345, 'model': 'SFNO', 'uncertainty_quantification': 'dropout', 'batch_size': 32, 'n_epochs': 1000, 'early_stopping': 10, 'init': 'default', 'learning_rate': 0.005, 'lr_schedule': 'step', 'optimizer': 'adam', 'gradient_clipping': 1, 'layer_normalization': True, 'data_loader_pin_memory': False, 'data_loader_num_workers': 0, 'distributed_training': False, 'alpha': 0.05, 'n_samples_uq': 100, 'weight_decay': 0, 'dropout': 0.01, 'fourier_dropout': None, 'hidden_channels': 32, 'projection_channels': 256, 'lifting_channels': 256, 'n_modes': (32, 32), 'n_samples': 3, 'filename_to_validate': 'results/optimal_hp_multiple_seeds/sswe/fno_1h_2/dropout/same_seed/20250227_040824_sswe_sfno_dropout_2_2/Datetime_20250227_101730_Loss_SSWE_SFNO_dropout_dropout_0.01.pt'}
INFO:root:After creating the dataloaders: mem (CPU python)=4371.86328125MB; mem (CPU total)=11307.6796875MB
INFO:root:Starting evaluation: model SFNO & uncertainty quantification dropout
INFO:root:Evaluating the model on Validation data.
INFO:root:MSEValidation: 2.29746
INFO:root:EnergyScoreValidation: 2.02609
INFO:root:CRPSValidation: 1.00843
INFO:root:Gaussian NLLValidation: 15.14269
INFO:root:CoverageValidation: 0.25489
INFO:root:IntervalWidthValidation: 1.01324
INFO:root:Evaluating the model on Test data.
INFO:root:MSETest: 183.53381
INFO:root:EnergyScoreTest: 4.54953
INFO:root:CRPSTest: 2.35793
INFO:root:Gaussian NLLTest: 4.60889
INFO:root:CoverageTest: 0.81588
INFO:root:IntervalWidthTest: 61.21207
INFO:root:After validation: mem (CPU python)=4371.86328125MB; mem (CPU total)=11260.19921875MB
