INFO:root:Starting the logger.
INFO:root:Using cuda.
INFO:root:: mem (CPU python)=581.59375MB; mem (CPU total)=3613.4140625MB
INFO:root:############### Starting experiment with config file sswe/sfno_deterministic_2_3_10h.ini ###############
INFO:root:###1 out of 1 data set parameter combinations ###
INFO:root:Data parameters: {'dataset_name': 'SSWE', 'max_training_set_size': 5000, 'pred_horizon': 10, 'train_horizon': 2, 'stepwise_evaluation': False}
INFO:root:After loading the datasets: mem (CPU python)=592.25390625MB; mem (CPU total)=3618.05078125MB
INFO:root:###1 out of 3 training parameter combinations ###
INFO:root:Training parameters: {'seed': 12345, 'model': 'SFNO', 'uncertainty_quantification': 'deterministic', 'batch_size': 32, 'n_epochs': 1000, 'early_stopping': 10, 'init': 'default', 'learning_rate': 0.005, 'lr_schedule': 'step', 'optimizer': 'adam', 'gradient_clipping': 1, 'layer_normalization': True, 'data_loader_pin_memory': False, 'data_loader_num_workers': 0, 'distributed_training': False, 'alpha': 0.05, 'n_samples_uq': 100, 'weight_decay': 0, 'dropout': 0.001, 'fourier_dropout': None, 'hidden_channels': 32, 'projection_channels': 256, 'lifting_channels': 256, 'n_modes': (32, 32), 'n_samples': 3, 'filename_to_validate': 'results/optimal_hp_multiple_seeds/sswe/fno_1h_2/deterministic/same_seed/20250227_112808_sswe_sfno_deterministic_2_3/Datetime_20250227_112808_Loss_SSWE_SFNO_deterministic_dropout_0.001.pt'}
INFO:root:After creating the dataloaders: mem (CPU python)=593.83984375MB; mem (CPU total)=3617.65234375MB
INFO:root:Starting evaluation: model SFNO & uncertainty quantification deterministic
INFO:root:Evaluating the model on Validation data.
INFO:root:MSEValidation: 0.40058
INFO:root:EnergyScoreValidation: 0.40058
INFO:root:CRPSValidation: 0.16143
INFO:root:Gaussian NLLValidation: 26896082978.6529
INFO:root:CoverageValidation: 0.0
INFO:root:IntervalWidthValidation: 0.0
INFO:root:Evaluating the model on Test data.
INFO:root:MSETest: 0.91846
INFO:root:EnergyScoreTest: 0.91415
INFO:root:CRPSTest: 0.39084
INFO:root:Gaussian NLLTest: 144964625629.18396
INFO:root:CoverageTest: 0.0
INFO:root:IntervalWidthTest: 0.0
INFO:root:After validation: mem (CPU python)=3026.203125MB; mem (CPU total)=2995.296875MB
INFO:root:###2 out of 3 training parameter combinations ###
INFO:root:Training parameters: {'seed': 12345, 'model': 'SFNO', 'uncertainty_quantification': 'deterministic', 'batch_size': 32, 'n_epochs': 1000, 'early_stopping': 10, 'init': 'default', 'learning_rate': 0.005, 'lr_schedule': 'step', 'optimizer': 'adam', 'gradient_clipping': 1, 'layer_normalization': True, 'data_loader_pin_memory': False, 'data_loader_num_workers': 0, 'distributed_training': False, 'alpha': 0.05, 'n_samples_uq': 100, 'weight_decay': 0, 'dropout': 0.001, 'fourier_dropout': None, 'hidden_channels': 32, 'projection_channels': 256, 'lifting_channels': 256, 'n_modes': (32, 32), 'n_samples': 3, 'filename_to_validate': 'results/optimal_hp_multiple_seeds/sswe/fno_1h_2/deterministic/same_seed/20250227_112808_sswe_sfno_deterministic_2_3/Datetime_20250227_134047_Loss_SSWE_SFNO_deterministic_dropout_0.001.pt'}
INFO:root:After creating the dataloaders: mem (CPU python)=3026.203125MB; mem (CPU total)=2995.296875MB
INFO:root:Starting evaluation: model SFNO & uncertainty quantification deterministic
INFO:root:Evaluating the model on Validation data.
INFO:root:MSEValidation: 0.43924
INFO:root:EnergyScoreValidation: 0.43924
INFO:root:CRPSValidation: 0.17383
INFO:root:Gaussian NLLValidation: 32210272186.73066
INFO:root:CoverageValidation: 0.0
INFO:root:IntervalWidthValidation: 0.0
INFO:root:Evaluating the model on Test data.
INFO:root:MSETest: 0.91636
INFO:root:EnergyScoreTest: 0.91279
INFO:root:CRPSTest: 0.39273
INFO:root:Gaussian NLLTest: 142777143459.84003
INFO:root:CoverageTest: 0.0
INFO:root:IntervalWidthTest: 0.0
INFO:root:After validation: mem (CPU python)=3026.203125MB; mem (CPU total)=3012.44921875MB
INFO:root:###3 out of 3 training parameter combinations ###
INFO:root:Training parameters: {'seed': 12345, 'model': 'SFNO', 'uncertainty_quantification': 'deterministic', 'batch_size': 32, 'n_epochs': 1000, 'early_stopping': 10, 'init': 'default', 'learning_rate': 0.005, 'lr_schedule': 'step', 'optimizer': 'adam', 'gradient_clipping': 1, 'layer_normalization': True, 'data_loader_pin_memory': False, 'data_loader_num_workers': 0, 'distributed_training': False, 'alpha': 0.05, 'n_samples_uq': 100, 'weight_decay': 0, 'dropout': 0.001, 'fourier_dropout': None, 'hidden_channels': 32, 'projection_channels': 256, 'lifting_channels': 256, 'n_modes': (32, 32), 'n_samples': 3, 'filename_to_validate': 'results/optimal_hp_multiple_seeds/sswe/fno_1h_2/deterministic/same_seed/20250227_112808_sswe_sfno_deterministic_2_3/Datetime_20250227_172901_Loss_SSWE_SFNO_deterministic_dropout_0.001.pt'}
INFO:root:After creating the dataloaders: mem (CPU python)=3026.203125MB; mem (CPU total)=3012.44921875MB
INFO:root:Starting evaluation: model SFNO & uncertainty quantification deterministic
INFO:root:Evaluating the model on Validation data.
INFO:root:MSEValidation: 0.40127
INFO:root:EnergyScoreValidation: 0.40127
INFO:root:CRPSValidation: 0.16322
INFO:root:Gaussian NLLValidation: 27027239642.05916
INFO:root:CoverageValidation: 0.0
INFO:root:IntervalWidthValidation: 0.0
INFO:root:Evaluating the model on Test data.
INFO:root:MSETest: 0.95467
INFO:root:EnergyScoreTest: 0.94995
INFO:root:CRPSTest: 0.4042
INFO:root:Gaussian NLLTest: 160139440619.52005
INFO:root:CoverageTest: 0.0
INFO:root:IntervalWidthTest: 0.0
INFO:root:After validation: mem (CPU python)=3028.4765625MB; mem (CPU total)=3021.65234375MB
