INFO:root:Starting the logger.
INFO:root:Using cuda.
INFO:root:: mem (CPU python)=576.6875MB; mem (CPU total)=13275.5703125MB
INFO:root:############### Starting experiment with config file sswe/sfno_sr_reparam_2_2_10h.ini ###############
INFO:root:###1 out of 1 data set parameter combinations ###
INFO:root:Data parameters: {'dataset_name': 'SSWE', 'max_training_set_size': 5000, 'pred_horizon': 10, 'train_horizon': 2, 'stepwise_evaluation': False}
INFO:root:After loading the datasets: mem (CPU python)=587.9375MB; mem (CPU total)=13280.38671875MB
INFO:root:###1 out of 3 training parameter combinations ###
INFO:root:Training parameters: {'seed': 12345, 'model': 'SFNO', 'uncertainty_quantification': 'scoring-rule-reparam', 'batch_size': 32, 'n_epochs': 1000, 'early_stopping': 10, 'init': 'default', 'learning_rate': 0.005, 'lr_schedule': 'step', 'optimizer': 'adam', 'gradient_clipping': 1, 'layer_normalization': True, 'data_loader_pin_memory': False, 'data_loader_num_workers': 0, 'distributed_training': False, 'alpha': 0.05, 'n_samples_uq': 100, 'weight_decay': 0, 'dropout': 0.005, 'fourier_dropout': None, 'hidden_channels': 32, 'projection_channels': 256, 'lifting_channels': 256, 'n_modes': (32, 32), 'n_samples': 3, 'filename_to_validate': 'results/optimal_hp_multiple_seeds/sswe/fno_1h_2/reparam/20250226_082902_sswe_sfno_reparam_2_2/Datetime_20250226_082903_Loss_SSWE_SFNO_scoring-rule-reparam_dropout_0.005.pt'}
INFO:root:After creating the dataloaders: mem (CPU python)=589.17578125MB; mem (CPU total)=13280.38671875MB
INFO:root:Starting evaluation: model SFNO & uncertainty quantification scoring-rule-reparam
INFO:root:Evaluating the model on Validation data.
INFO:root:MSEValidation: 0.50791
INFO:root:EnergyScoreValidation: 0.35789
INFO:root:CRPSValidation: 0.1894
INFO:root:Gaussian NLLValidation: 108.20468
INFO:root:CoverageValidation: 0.32358
INFO:root:IntervalWidthValidation: 0.53273
INFO:root:Evaluating the model on Test data.
INFO:root:MSETest: 1.07881
INFO:root:EnergyScoreTest: 0.78838
INFO:root:CRPSTest: 0.3705
INFO:root:Gaussian NLLTest: 4.8307
INFO:root:CoverageTest: 0.63801
INFO:root:IntervalWidthTest: 1.35753
INFO:root:After validation: mem (CPU python)=4363.1015625MB; mem (CPU total)=16725.76953125MB
INFO:root:###2 out of 3 training parameter combinations ###
INFO:root:Training parameters: {'seed': 12345, 'model': 'SFNO', 'uncertainty_quantification': 'scoring-rule-reparam', 'batch_size': 32, 'n_epochs': 1000, 'early_stopping': 10, 'init': 'default', 'learning_rate': 0.005, 'lr_schedule': 'step', 'optimizer': 'adam', 'gradient_clipping': 1, 'layer_normalization': True, 'data_loader_pin_memory': False, 'data_loader_num_workers': 0, 'distributed_training': False, 'alpha': 0.05, 'n_samples_uq': 100, 'weight_decay': 0, 'dropout': 0.005, 'fourier_dropout': None, 'hidden_channels': 32, 'projection_channels': 256, 'lifting_channels': 256, 'n_modes': (32, 32), 'n_samples': 3, 'filename_to_validate': 'results/optimal_hp_multiple_seeds/sswe/fno_1h_2/reparam/20250226_082902_sswe_sfno_reparam_2_2/Datetime_20250226_094042_Loss_SSWE_SFNO_scoring-rule-reparam_dropout_0.005.pt'}
INFO:root:After creating the dataloaders: mem (CPU python)=4363.1015625MB; mem (CPU total)=16725.76953125MB
INFO:root:Starting evaluation: model SFNO & uncertainty quantification scoring-rule-reparam
INFO:root:Evaluating the model on Validation data.
INFO:root:MSEValidation: 0.50299
INFO:root:EnergyScoreValidation: 0.35548
INFO:root:CRPSValidation: 0.1828
INFO:root:Gaussian NLLValidation: 80.85098
INFO:root:CoverageValidation: 0.3621
INFO:root:IntervalWidthValidation: 0.55082
INFO:root:Evaluating the model on Test data.
INFO:root:MSETest: 1.07766
INFO:root:EnergyScoreTest: 0.7892
INFO:root:CRPSTest: 0.36591
INFO:root:Gaussian NLLTest: 4.03671
INFO:root:CoverageTest: 0.65263
INFO:root:IntervalWidthTest: 1.30145
INFO:root:After validation: mem (CPU python)=4388.49609375MB; mem (CPU total)=17093.49609375MB
INFO:root:###3 out of 3 training parameter combinations ###
INFO:root:Training parameters: {'seed': 12345, 'model': 'SFNO', 'uncertainty_quantification': 'scoring-rule-reparam', 'batch_size': 32, 'n_epochs': 1000, 'early_stopping': 10, 'init': 'default', 'learning_rate': 0.005, 'lr_schedule': 'step', 'optimizer': 'adam', 'gradient_clipping': 1, 'layer_normalization': True, 'data_loader_pin_memory': False, 'data_loader_num_workers': 0, 'distributed_training': False, 'alpha': 0.05, 'n_samples_uq': 100, 'weight_decay': 0, 'dropout': 0.005, 'fourier_dropout': None, 'hidden_channels': 32, 'projection_channels': 256, 'lifting_channels': 256, 'n_modes': (32, 32), 'n_samples': 3, 'filename_to_validate': 'results/optimal_hp_multiple_seeds/sswe/fno_1h_2/reparam/20250226_082902_sswe_sfno_reparam_2_2/Datetime_20250226_112342_Loss_SSWE_SFNO_scoring-rule-reparam_dropout_0.005.pt'}
INFO:root:After creating the dataloaders: mem (CPU python)=4388.49609375MB; mem (CPU total)=17093.2109375MB
INFO:root:Starting evaluation: model SFNO & uncertainty quantification scoring-rule-reparam
INFO:root:Evaluating the model on Validation data.
INFO:root:MSEValidation: 0.48649
INFO:root:EnergyScoreValidation: 0.3433
INFO:root:CRPSValidation: 0.18325
INFO:root:Gaussian NLLValidation: 175.01293
INFO:root:CoverageValidation: 0.26881
INFO:root:IntervalWidthValidation: 0.3828
INFO:root:Evaluating the model on Test data.
INFO:root:MSETest: 1.15827
INFO:root:EnergyScoreTest: 0.85806
INFO:root:CRPSTest: 0.39643
INFO:root:Gaussian NLLTest: 6.16134
INFO:root:CoverageTest: 0.56988
INFO:root:IntervalWidthTest: 1.15946
INFO:root:After validation: mem (CPU python)=4388.49609375MB; mem (CPU total)=17445.921875MB
