INFO:root:Starting the logger.
INFO:root:Using cuda.
INFO:root:: mem (CPU python)=579.7421875MB; mem (CPU total)=5945.9140625MB
INFO:root:############### Starting experiment with config file sswe/sfno_laplace_2_3_10h.ini ###############
INFO:root:###1 out of 1 data set parameter combinations ###
INFO:root:Data parameters: {'dataset_name': 'SSWE', 'max_training_set_size': 5000, 'pred_horizon': 10, 'train_horizon': 2, 'stepwise_evaluation': False}
INFO:root:After loading the datasets: mem (CPU python)=590.625MB; mem (CPU total)=5950.546875MB
INFO:root:###1 out of 3 training parameter combinations ###
INFO:root:Training parameters: {'seed': 12345, 'model': 'SFNO', 'uncertainty_quantification': 'laplace', 'batch_size': 32, 'n_epochs': 1000, 'early_stopping': 10, 'init': 'default', 'learning_rate': 0.005, 'lr_schedule': 'step', 'optimizer': 'adam', 'gradient_clipping': 1, 'layer_normalization': True, 'data_loader_pin_memory': False, 'data_loader_num_workers': 0, 'distributed_training': False, 'alpha': 0.05, 'n_samples_uq': 100, 'weight_decay': 0, 'dropout': 0.001, 'fourier_dropout': None, 'hidden_channels': 32, 'projection_channels': 256, 'lifting_channels': 256, 'n_modes': (32, 32), 'n_samples': 3, 'filename_to_validate': 'results/optimal_hp_multiple_seeds/sswe/fno_1h_2/laplace/same_seed/20250227_174950_sswe_sfno_laplace_2_3/Datetime_20250227_174951_Loss_SSWE_SFNO_laplace_dropout_0.001.pt'}
INFO:root:After creating the dataloaders: mem (CPU python)=592.1640625MB; mem (CPU total)=5950.546875MB
INFO:root:Starting evaluation: model SFNO & uncertainty quantification laplace
INFO:root:Evaluating the model on Validation data.
INFO:root:MSEValidation: 0.41885
INFO:root:EnergyScoreValidation: 0.32251
INFO:root:CRPSValidation: 0.14545
INFO:root:Gaussian NLLValidation: 0.20222
INFO:root:CoverageValidation: 0.97917
INFO:root:IntervalWidthValidation: 1.5434
INFO:root:Evaluating the model on Test data.
INFO:root:MSETest: 29.91034
INFO:root:EnergyScoreTest: 3.83508
INFO:root:CRPSTest: 1.71333
INFO:root:Gaussian NLLTest: 5.04864
INFO:root:CoverageTest: 1.0
INFO:root:IntervalWidthTest: 140.43681
INFO:root:After validation: mem (CPU python)=3362.01171875MB; mem (CPU total)=7993.28515625MB
INFO:root:###2 out of 3 training parameter combinations ###
INFO:root:Training parameters: {'seed': 12345, 'model': 'SFNO', 'uncertainty_quantification': 'laplace', 'batch_size': 32, 'n_epochs': 1000, 'early_stopping': 10, 'init': 'default', 'learning_rate': 0.005, 'lr_schedule': 'step', 'optimizer': 'adam', 'gradient_clipping': 1, 'layer_normalization': True, 'data_loader_pin_memory': False, 'data_loader_num_workers': 0, 'distributed_training': False, 'alpha': 0.05, 'n_samples_uq': 100, 'weight_decay': 0, 'dropout': 0.001, 'fourier_dropout': None, 'hidden_channels': 32, 'projection_channels': 256, 'lifting_channels': 256, 'n_modes': (32, 32), 'n_samples': 3, 'filename_to_validate': 'results/optimal_hp_multiple_seeds/sswe/fno_1h_2/laplace/same_seed/20250227_174950_sswe_sfno_laplace_2_3/Datetime_20250227_204704_Loss_SSWE_SFNO_laplace_dropout_0.001.pt'}
INFO:root:After creating the dataloaders: mem (CPU python)=3362.01171875MB; mem (CPU total)=7993.28515625MB
INFO:root:Starting evaluation: model SFNO & uncertainty quantification laplace
INFO:root:Evaluating the model on Validation data.
INFO:root:MSEValidation: 0.44438
INFO:root:EnergyScoreValidation: 0.33295
INFO:root:CRPSValidation: 0.14907
INFO:root:Gaussian NLLValidation: 0.21123
INFO:root:CoverageValidation: 0.97331
INFO:root:IntervalWidthValidation: 1.51387
INFO:root:Evaluating the model on Test data.
INFO:root:MSETest: 20345.44566
INFO:root:EnergyScoreTest: 100.25491
INFO:root:CRPSTest: 46.64914
INFO:root:Gaussian NLLTest: 10.44697
INFO:root:CoverageTest: 1.0
INFO:root:IntervalWidthTest: 16170.41704
INFO:root:After validation: mem (CPU python)=3382.6484375MB; mem (CPU total)=5584.12109375MB
INFO:root:###3 out of 3 training parameter combinations ###
INFO:root:Training parameters: {'seed': 12345, 'model': 'SFNO', 'uncertainty_quantification': 'laplace', 'batch_size': 32, 'n_epochs': 1000, 'early_stopping': 10, 'init': 'default', 'learning_rate': 0.005, 'lr_schedule': 'step', 'optimizer': 'adam', 'gradient_clipping': 1, 'layer_normalization': True, 'data_loader_pin_memory': False, 'data_loader_num_workers': 0, 'distributed_training': False, 'alpha': 0.05, 'n_samples_uq': 100, 'weight_decay': 0, 'dropout': 0.001, 'fourier_dropout': None, 'hidden_channels': 32, 'projection_channels': 256, 'lifting_channels': 256, 'n_modes': (32, 32), 'n_samples': 3, 'filename_to_validate': 'results/optimal_hp_multiple_seeds/sswe/fno_1h_2/laplace/same_seed/20250227_174950_sswe_sfno_laplace_2_3/Datetime_20250228_015805_Loss_SSWE_SFNO_laplace_dropout_0.001.pt'}
INFO:root:After creating the dataloaders: mem (CPU python)=3382.6484375MB; mem (CPU total)=5584.12109375MB
INFO:root:Starting evaluation: model SFNO & uncertainty quantification laplace
INFO:root:Evaluating the model on Validation data.
INFO:root:MSEValidation: 0.67806
INFO:root:EnergyScoreValidation: 0.52054
INFO:root:CRPSValidation: 0.22855
INFO:root:Gaussian NLLValidation: 0.8431
INFO:root:CoverageValidation: 0.99499
INFO:root:IntervalWidthValidation: 3.61738
INFO:root:Evaluating the model on Test data.
INFO:root:MSETest: 17859.43323
INFO:root:EnergyScoreTest: 64.66016
INFO:root:CRPSTest: 29.27515
INFO:root:Gaussian NLLTest: 9.29211
INFO:root:CoverageTest: 1.0
INFO:root:IntervalWidthTest: 5387.52832
INFO:root:After validation: mem (CPU python)=3382.6484375MB; mem (CPU total)=5567.6171875MB
