INFO:root:Starting the logger.
INFO:root:Using cuda.
INFO:root:: mem (CPU python)=582.5078125MB; mem (CPU total)=9263.96875MB
INFO:root:############### Starting experiment with config file sswe/sfno_sr_reparam_2_2.ini ###############
INFO:root:###1 out of 1 data set parameter combinations ###
INFO:root:Data parameters: {'dataset_name': 'SSWE', 'max_training_set_size': 5000, 'pred_horizon': 1, 'train_horizon': 2, 'stepwise_evaluation': False}
INFO:root:After loading the datasets: mem (CPU python)=593.27734375MB; mem (CPU total)=9268.03125MB
INFO:root:###1 out of 3 training parameter combinations ###
INFO:root:Training parameters: {'seed': 1234, 'model': 'SFNO', 'uncertainty_quantification': 'scoring-rule-reparam', 'batch_size': 32, 'n_epochs': 1000, 'early_stopping': 10, 'init': 'default', 'learning_rate': 0.005, 'lr_schedule': 'step', 'optimizer': 'adam', 'gradient_clipping': 1, 'layer_normalization': True, 'data_loader_pin_memory': False, 'data_loader_num_workers': 0, 'distributed_training': False, 'alpha': 0.05, 'n_samples_uq': 100, 'weight_decay': 0, 'dropout': 0.005, 'fourier_dropout': None, 'hidden_channels': 32, 'projection_channels': 256, 'lifting_channels': 256, 'n_modes': (32, 32), 'n_samples': 3}
INFO:root:After creating the dataloaders: mem (CPU python)=594.77734375MB; mem (CPU total)=9267.58984375MB
INFO:root:NumberParameters: 294054
INFO:root:GPU memory allocated: 2097152
INFO:root:After setting up the model: mem (CPU python)=2303.48046875MB; mem (CPU total)=10713.51171875MB
INFO:root:Training starts now.
INFO:root:At the start of the epoch: mem (CPU python)=2313.08203125MB; mem (CPU total)=10724.6015625MB
INFO:root:[    1] Training loss: 0.59289091, Validation loss: 0.52090957, Gradient norm: 0.32754904
INFO:root:At the start of the epoch: mem (CPU python)=4520.58203125MB; mem (CPU total)=12385.234375MB
INFO:root:[    2] Training loss: 0.52205399, Validation loss: 0.51992172, Gradient norm: 0.23039997
INFO:root:At the start of the epoch: mem (CPU python)=4546.296875MB; mem (CPU total)=12535.93359375MB
INFO:root:[    3] Training loss: 0.51803657, Validation loss: 0.50757056, Gradient norm: 0.23471353
INFO:root:At the start of the epoch: mem (CPU python)=4550.3984375MB; mem (CPU total)=12534.52734375MB
INFO:root:[    4] Training loss: 0.50125809, Validation loss: 0.48348853, Gradient norm: 0.32092307
INFO:root:At the start of the epoch: mem (CPU python)=4577.13671875MB; mem (CPU total)=12544.515625MB
INFO:root:[    5] Training loss: 0.46551484, Validation loss: 0.43406265, Gradient norm: 0.45276860
INFO:root:At the start of the epoch: mem (CPU python)=4592.765625MB; mem (CPU total)=12545.42578125MB
INFO:root:[    6] Training loss: 0.42768131, Validation loss: 0.40883048, Gradient norm: 0.52079631
INFO:root:At the start of the epoch: mem (CPU python)=4615.21484375MB; mem (CPU total)=12599.0546875MB
INFO:root:[    7] Training loss: 0.40964017, Validation loss: 0.39742723, Gradient norm: 0.57701009
INFO:root:At the start of the epoch: mem (CPU python)=4652.72265625MB; mem (CPU total)=12627.3828125MB
INFO:root:[    8] Training loss: 0.39934116, Validation loss: 0.38086112, Gradient norm: 0.64630426
INFO:root:At the start of the epoch: mem (CPU python)=4663.5390625MB; mem (CPU total)=12400.984375MB
INFO:root:[    9] Training loss: 0.38763947, Validation loss: 0.37249621, Gradient norm: 0.73957831
INFO:root:At the start of the epoch: mem (CPU python)=4686.83984375MB; mem (CPU total)=12717.0MB
INFO:root:[   10] Training loss: 0.37541455, Validation loss: 0.35316766, Gradient norm: 0.88762177
INFO:root:At the start of the epoch: mem (CPU python)=4713.23046875MB; mem (CPU total)=12763.26171875MB
INFO:root:[   11] Training loss: 0.36444284, Validation loss: 0.34399285, Gradient norm: 1.13281434
INFO:root:At the start of the epoch: mem (CPU python)=4733.35546875MB; mem (CPU total)=12771.0078125MB
INFO:root:[   12] Training loss: 0.35257128, Validation loss: 0.33788992, Gradient norm: 1.24801674
INFO:root:At the start of the epoch: mem (CPU python)=4744.82421875MB; mem (CPU total)=12805.0078125MB
INFO:root:[   13] Training loss: 0.34390817, Validation loss: 0.34117525, Gradient norm: 1.31204639
INFO:root:At the start of the epoch: mem (CPU python)=4773.34765625MB; mem (CPU total)=12863.140625MB
INFO:root:[   14] Training loss: 0.33725409, Validation loss: 0.31610261, Gradient norm: 1.41178748
INFO:root:At the start of the epoch: mem (CPU python)=4796.0234375MB; mem (CPU total)=12887.87890625MB
INFO:root:[   15] Training loss: 0.32948171, Validation loss: 0.31804157, Gradient norm: 1.33966442
INFO:root:At the start of the epoch: mem (CPU python)=4818.98046875MB; mem (CPU total)=12927.26171875MB
INFO:root:[   16] Training loss: 0.32704658, Validation loss: 0.29801072, Gradient norm: 1.64554377
INFO:root:At the start of the epoch: mem (CPU python)=4829.93359375MB; mem (CPU total)=12957.65625MB
INFO:root:[   17] Training loss: 0.32281014, Validation loss: 0.29751619, Gradient norm: 1.78797259
INFO:root:At the start of the epoch: mem (CPU python)=4859.84375MB; mem (CPU total)=12968.25MB
INFO:root:[   18] Training loss: 0.32126156, Validation loss: 0.30830744, Gradient norm: 1.60502457
INFO:root:At the start of the epoch: mem (CPU python)=4874.8046875MB; mem (CPU total)=13026.98046875MB
INFO:root:[   19] Training loss: 0.31804286, Validation loss: 0.31832481, Gradient norm: 1.81143698
INFO:root:At the start of the epoch: mem (CPU python)=4908.1640625MB; mem (CPU total)=13055.359375MB
INFO:root:[   20] Training loss: 0.31689263, Validation loss: 0.30998882, Gradient norm: 1.65654137
INFO:root:At the start of the epoch: mem (CPU python)=4914.15625MB; mem (CPU total)=13126.703125MB
INFO:root:[   21] Training loss: 0.31322802, Validation loss: 0.29791634, Gradient norm: 1.97014381
INFO:root:At the start of the epoch: mem (CPU python)=4946.30078125MB; mem (CPU total)=13171.96484375MB
INFO:root:[   22] Training loss: 0.31294778, Validation loss: 0.30692790, Gradient norm: 1.85602853
INFO:root:At the start of the epoch: mem (CPU python)=4968.05078125MB; mem (CPU total)=13189.83203125MB
INFO:root:[   23] Training loss: 0.31069762, Validation loss: 0.29339358, Gradient norm: 1.77217883
INFO:root:At the start of the epoch: mem (CPU python)=4988.10546875MB; mem (CPU total)=13167.8203125MB
INFO:root:[   24] Training loss: 0.30902139, Validation loss: 0.28981443, Gradient norm: 2.07216375
INFO:root:At the start of the epoch: mem (CPU python)=5012.9453125MB; mem (CPU total)=13221.27734375MB
INFO:root:[   25] Training loss: 0.31187414, Validation loss: 0.29447321, Gradient norm: 2.10302515
INFO:root:At the start of the epoch: mem (CPU python)=5021.09765625MB; mem (CPU total)=13252.1796875MB
INFO:root:[   26] Training loss: 0.30733791, Validation loss: 0.28870058, Gradient norm: 2.12899973
INFO:root:At the start of the epoch: mem (CPU python)=5063.6328125MB; mem (CPU total)=13280.7265625MB
INFO:root:[   27] Training loss: 0.30961638, Validation loss: 0.29902359, Gradient norm: 2.27383349
INFO:root:At the start of the epoch: mem (CPU python)=5073.9296875MB; mem (CPU total)=13313.4375MB
INFO:root:[   28] Training loss: 0.30757481, Validation loss: 0.29269815, Gradient norm: 1.99272507
INFO:root:At the start of the epoch: mem (CPU python)=5098.09375MB; mem (CPU total)=13352.890625MB
INFO:root:[   29] Training loss: 0.30602478, Validation loss: 0.29486623, Gradient norm: 2.05368064
INFO:root:At the start of the epoch: mem (CPU python)=5126.7578125MB; mem (CPU total)=13386.35546875MB
INFO:root:[   30] Training loss: 0.30597500, Validation loss: 0.29553550, Gradient norm: 2.49576922
INFO:root:At the start of the epoch: mem (CPU python)=5127.296875MB; mem (CPU total)=13435.7890625MB
INFO:root:[   31] Training loss: 0.30688588, Validation loss: 0.28337065, Gradient norm: 2.37784598
INFO:root:At the start of the epoch: mem (CPU python)=5158.33203125MB; mem (CPU total)=13461.19140625MB
INFO:root:[   32] Training loss: 0.30214782, Validation loss: 0.29572525, Gradient norm: 2.20430625
INFO:root:At the start of the epoch: mem (CPU python)=5175.76953125MB; mem (CPU total)=13489.9921875MB
INFO:root:[   33] Training loss: 0.30134651, Validation loss: 0.29696446, Gradient norm: 2.07504966
INFO:root:At the start of the epoch: mem (CPU python)=5192.8125MB; mem (CPU total)=13548.8125MB
INFO:root:[   34] Training loss: 0.30235613, Validation loss: 0.29262412, Gradient norm: 2.53187530
INFO:root:At the start of the epoch: mem (CPU python)=5217.8203125MB; mem (CPU total)=13566.3046875MB
INFO:root:[   35] Training loss: 0.30134867, Validation loss: 0.30810814, Gradient norm: 2.53485797
INFO:root:At the start of the epoch: mem (CPU python)=5234.51953125MB; mem (CPU total)=13601.14453125MB
INFO:root:[   36] Training loss: 0.30457019, Validation loss: 0.27916997, Gradient norm: 2.69684707
INFO:root:At the start of the epoch: mem (CPU python)=5264.7265625MB; mem (CPU total)=13602.19140625MB
INFO:root:[   37] Training loss: 0.30352557, Validation loss: 0.28344519, Gradient norm: 2.74883686
INFO:root:At the start of the epoch: mem (CPU python)=5282.2109375MB; mem (CPU total)=13655.46875MB
INFO:root:[   38] Training loss: 0.30519714, Validation loss: 0.30203143, Gradient norm: 2.54230215
INFO:root:At the start of the epoch: mem (CPU python)=5298.28515625MB; mem (CPU total)=13711.16015625MB
INFO:root:[   39] Training loss: 0.29678057, Validation loss: 0.27572324, Gradient norm: 2.26219049
INFO:root:At the start of the epoch: mem (CPU python)=5319.67578125MB; mem (CPU total)=13731.27734375MB
INFO:root:[   40] Training loss: 0.30250544, Validation loss: 0.30071935, Gradient norm: 2.91786125
INFO:root:At the start of the epoch: mem (CPU python)=5340.828125MB; mem (CPU total)=13758.49609375MB
INFO:root:[   41] Training loss: 0.30232585, Validation loss: 0.28835170, Gradient norm: 2.84958199
INFO:root:At the start of the epoch: mem (CPU python)=5362.1171875MB; mem (CPU total)=13794.02734375MB
INFO:root:[   42] Training loss: 0.30159065, Validation loss: 0.28214112, Gradient norm: 3.04171077
INFO:root:At the start of the epoch: mem (CPU python)=5383.95703125MB; mem (CPU total)=13782.57421875MB
INFO:root:[   43] Training loss: 0.30125368, Validation loss: 0.29253203, Gradient norm: 2.55442474
INFO:root:At the start of the epoch: mem (CPU python)=5418.12890625MB; mem (CPU total)=13866.078125MB
INFO:root:[   44] Training loss: 0.29779118, Validation loss: 0.29484306, Gradient norm: 2.77845877
INFO:root:At the start of the epoch: mem (CPU python)=5425.27734375MB; mem (CPU total)=13911.2109375MB
INFO:root:[   45] Training loss: 0.30247218, Validation loss: 0.28331552, Gradient norm: 3.03023714
INFO:root:At the start of the epoch: mem (CPU python)=5447.45703125MB; mem (CPU total)=13931.640625MB
INFO:root:[   46] Training loss: 0.29798938, Validation loss: 0.27522878, Gradient norm: 3.07260047
INFO:root:At the start of the epoch: mem (CPU python)=5478.6953125MB; mem (CPU total)=13969.21875MB
INFO:root:[   47] Training loss: 0.30147430, Validation loss: 0.27562567, Gradient norm: 2.70363670
INFO:root:At the start of the epoch: mem (CPU python)=5499.8125MB; mem (CPU total)=14001.3984375MB
INFO:root:[   48] Training loss: 0.29856941, Validation loss: 0.27265715, Gradient norm: 3.08148989
INFO:root:At the start of the epoch: mem (CPU python)=5529.375MB; mem (CPU total)=14058.54296875MB
INFO:root:[   49] Training loss: 0.30101784, Validation loss: 0.27629599, Gradient norm: 3.32555343
INFO:root:At the start of the epoch: mem (CPU python)=5533.35546875MB; mem (CPU total)=14079.9453125MB
INFO:root:[   50] Training loss: 0.30013035, Validation loss: 0.28854449, Gradient norm: 2.94867652
INFO:root:At the start of the epoch: mem (CPU python)=5559.84765625MB; mem (CPU total)=14074.7890625MB
INFO:root:[   51] Training loss: 0.30217246, Validation loss: 0.28590538, Gradient norm: 2.95497640
INFO:root:At the start of the epoch: mem (CPU python)=5573.4140625MB; mem (CPU total)=14135.421875MB
INFO:root:[   52] Training loss: 0.29584369, Validation loss: 0.27711436, Gradient norm: 3.24920117
INFO:root:At the start of the epoch: mem (CPU python)=5599.95703125MB; mem (CPU total)=14157.61328125MB
INFO:root:[   53] Training loss: 0.29621197, Validation loss: 0.27744509, Gradient norm: 2.95345881
INFO:root:At the start of the epoch: mem (CPU python)=5615.15625MB; mem (CPU total)=14188.421875MB
INFO:root:[   54] Training loss: 0.29563078, Validation loss: 0.28113942, Gradient norm: 3.48308451
INFO:root:At the start of the epoch: mem (CPU python)=5647.76953125MB; mem (CPU total)=14207.17578125MB
INFO:root:[   55] Training loss: 0.30047473, Validation loss: 0.29699036, Gradient norm: 3.22191082
INFO:root:At the start of the epoch: mem (CPU python)=5659.3046875MB; mem (CPU total)=14281.81640625MB
INFO:root:[   56] Training loss: 0.30096208, Validation loss: 0.27671946, Gradient norm: 3.61170699
INFO:root:At the start of the epoch: mem (CPU python)=5679.8125MB; mem (CPU total)=14312.28125MB
INFO:root:[   57] Training loss: 0.29652699, Validation loss: 0.28409233, Gradient norm: 3.19496261
INFO:root:At the start of the epoch: mem (CPU python)=5711.55078125MB; mem (CPU total)=14336.94921875MB
INFO:root:[   58] Training loss: 0.29590734, Validation loss: 0.28053142, Gradient norm: 3.23533971
INFO:root:At the start of the epoch: mem (CPU python)=5734.2421875MB; mem (CPU total)=14369.3984375MB
INFO:root:[   59] Training loss: 0.29919994, Validation loss: 0.28603036, Gradient norm: 3.26116667
INFO:root:At the start of the epoch: mem (CPU python)=5761.81640625MB; mem (CPU total)=14360.765625MB
INFO:root:[   60] Training loss: 0.29350432, Validation loss: 0.27795633, Gradient norm: 3.25536921
INFO:root:At the start of the epoch: mem (CPU python)=5770.9609375MB; mem (CPU total)=14441.13671875MB
INFO:root:[   61] Training loss: 0.29893951, Validation loss: 0.26686160, Gradient norm: 3.35197809
INFO:root:At the start of the epoch: mem (CPU python)=5796.01953125MB; mem (CPU total)=14478.2578125MB
INFO:root:[   62] Training loss: 0.30275094, Validation loss: 0.28917857, Gradient norm: 3.87794065
INFO:root:At the start of the epoch: mem (CPU python)=5808.3046875MB; mem (CPU total)=14478.04296875MB
INFO:root:[   63] Training loss: 0.29203692, Validation loss: 0.30349058, Gradient norm: 3.33624038
INFO:root:At the start of the epoch: mem (CPU python)=5833.08984375MB; mem (CPU total)=14493.57421875MB
INFO:root:[   64] Training loss: 0.29630456, Validation loss: 0.27907421, Gradient norm: 3.73819292
INFO:root:At the start of the epoch: mem (CPU python)=5862.76171875MB; mem (CPU total)=14590.7890625MB
INFO:root:[   65] Training loss: 0.29726115, Validation loss: 0.27372189, Gradient norm: 3.45358838
INFO:root:At the start of the epoch: mem (CPU python)=5884.02734375MB; mem (CPU total)=14589.09765625MB
INFO:root:[   66] Training loss: 0.29245996, Validation loss: 0.28105548, Gradient norm: 3.53238906
INFO:root:At the start of the epoch: mem (CPU python)=5912.01171875MB; mem (CPU total)=14639.45703125MB
INFO:root:[   67] Training loss: 0.29159977, Validation loss: 0.27463420, Gradient norm: 3.43690145
INFO:root:At the start of the epoch: mem (CPU python)=5929.51953125MB; mem (CPU total)=14649.35546875MB
INFO:root:Learning rate reduced to: 0.0025
INFO:root:[   68] Training loss: 0.29742622, Validation loss: 0.28059783, Gradient norm: 3.82218098
INFO:root:At the start of the epoch: mem (CPU python)=5937.9765625MB; mem (CPU total)=14692.51171875MB
INFO:root:Learning rate reduced to: 0.00125
INFO:root:[   69] Training loss: 0.28115884, Validation loss: 0.27145850, Gradient norm: 3.10367681
INFO:root:At the start of the epoch: mem (CPU python)=5971.6328125MB; mem (CPU total)=14735.7734375MB
INFO:root:Learning rate reduced to: 0.000625
INFO:root:[   70] Training loss: 0.26793244, Validation loss: 0.25262693, Gradient norm: 2.00442001
INFO:root:At the start of the epoch: mem (CPU python)=5980.45703125MB; mem (CPU total)=14713.1484375MB
INFO:root:[   71] Training loss: 0.26400041, Validation loss: 0.24845519, Gradient norm: 1.55567037
INFO:root:At the start of the epoch: mem (CPU python)=6001.8203125MB; mem (CPU total)=14810.3046875MB
INFO:root:[   72] Training loss: 0.26295319, Validation loss: 0.24899227, Gradient norm: 1.73074154
INFO:root:At the start of the epoch: mem (CPU python)=6022.45703125MB; mem (CPU total)=14834.765625MB
INFO:root:[   73] Training loss: 0.26210197, Validation loss: 0.24773532, Gradient norm: 2.00351222
INFO:root:At the start of the epoch: mem (CPU python)=6059.1640625MB; mem (CPU total)=14867.03125MB
INFO:root:[   74] Training loss: 0.26418954, Validation loss: 0.24774587, Gradient norm: 3.14928463
INFO:root:At the start of the epoch: mem (CPU python)=6065.109375MB; mem (CPU total)=14918.23046875MB
INFO:root:[   75] Training loss: 0.26189817, Validation loss: 0.24909855, Gradient norm: 2.38033924
INFO:root:At the start of the epoch: mem (CPU python)=6091.17578125MB; mem (CPU total)=14948.7109375MB
INFO:root:[   76] Training loss: 0.26234104, Validation loss: 0.24873761, Gradient norm: 2.62026493
INFO:root:At the start of the epoch: mem (CPU python)=6107.19921875MB; mem (CPU total)=14983.8828125MB
INFO:root:[   77] Training loss: 0.26227708, Validation loss: 0.24777192, Gradient norm: 2.92013956
INFO:root:At the start of the epoch: mem (CPU python)=6128.59765625MB; mem (CPU total)=15014.06640625MB
INFO:root:[   78] Training loss: 0.26289328, Validation loss: 0.24920640, Gradient norm: 3.11614572
INFO:root:At the start of the epoch: mem (CPU python)=6162.796875MB; mem (CPU total)=15024.62890625MB
INFO:root:[   79] Training loss: 0.26187017, Validation loss: 0.24829238, Gradient norm: 3.27119872
INFO:root:At the start of the epoch: mem (CPU python)=6170.5859375MB; mem (CPU total)=15082.16796875MB
INFO:root:Learning rate reduced to: 0.0003125
INFO:root:[   80] Training loss: 0.26242020, Validation loss: 0.24785119, Gradient norm: 3.58739286
INFO:root:At the start of the epoch: mem (CPU python)=6196.6015625MB; mem (CPU total)=15119.79296875MB
INFO:root:Learning rate reduced to: 0.00015625
INFO:root:[   81] Training loss: 0.26124023, Validation loss: 0.24791334, Gradient norm: 2.31678475
INFO:root:At the start of the epoch: mem (CPU python)=6219.90234375MB; mem (CPU total)=15127.98828125MB
INFO:root:Learning rate reduced to: 7.8125e-05
INFO:root:[   82] Training loss: 0.25935762, Validation loss: 0.24730665, Gradient norm: 1.53493216
INFO:root:At the start of the epoch: mem (CPU python)=6235.08984375MB; mem (CPU total)=15171.171875MB
INFO:root:[   83] Training loss: 0.25926332, Validation loss: 0.24508962, Gradient norm: 1.41146082
INFO:root:At the start of the epoch: mem (CPU python)=6269.36328125MB; mem (CPU total)=15207.9765625MB
INFO:root:[   84] Training loss: 0.25885131, Validation loss: 0.24535704, Gradient norm: 1.35596414
INFO:root:At the start of the epoch: mem (CPU python)=6279.16015625MB; mem (CPU total)=15244.58203125MB
INFO:root:[   85] Training loss: 0.25876306, Validation loss: 0.24510060, Gradient norm: 1.60070635
INFO:root:At the start of the epoch: mem (CPU python)=6321.765625MB; mem (CPU total)=15272.95703125MB
INFO:root:[   86] Training loss: 0.25916005, Validation loss: 0.24540478, Gradient norm: 1.41172979
INFO:root:At the start of the epoch: mem (CPU python)=6322.6640625MB; mem (CPU total)=15310.09765625MB
INFO:root:[   87] Training loss: 0.25875533, Validation loss: 0.24483789, Gradient norm: 1.47649305
INFO:root:At the start of the epoch: mem (CPU python)=6353.0703125MB; mem (CPU total)=15334.58203125MB
INFO:root:[   88] Training loss: 0.25900045, Validation loss: 0.24491836, Gradient norm: 1.56949143
INFO:root:At the start of the epoch: mem (CPU python)=6364.2734375MB; mem (CPU total)=15346.90625MB
INFO:root:[   89] Training loss: 0.25885616, Validation loss: 0.24488607, Gradient norm: 1.59702930
INFO:root:At the start of the epoch: mem (CPU python)=6396.26953125MB; mem (CPU total)=15400.03125MB
INFO:root:[   90] Training loss: 0.25949326, Validation loss: 0.24531277, Gradient norm: 1.69198398
INFO:root:At the start of the epoch: mem (CPU python)=6406.71484375MB; mem (CPU total)=15386.18359375MB
INFO:root:[   91] Training loss: 0.25859433, Validation loss: 0.24513607, Gradient norm: 1.69777385
INFO:root:At the start of the epoch: mem (CPU python)=6428.85546875MB; mem (CPU total)=15469.890625MB
INFO:root:[   92] Training loss: 0.25909913, Validation loss: 0.24494891, Gradient norm: 1.97336301
INFO:root:At the start of the epoch: mem (CPU python)=6463.78515625MB; mem (CPU total)=15515.77734375MB
INFO:root:[   93] Training loss: 0.25889331, Validation loss: 0.24495863, Gradient norm: 1.79601848
INFO:root:At the start of the epoch: mem (CPU python)=6481.7421875MB; mem (CPU total)=15556.484375MB
INFO:root:[   94] Training loss: 0.25885099, Validation loss: 0.24535834, Gradient norm: 1.69313897
INFO:root:At the start of the epoch: mem (CPU python)=6504.7265625MB; mem (CPU total)=15569.6015625MB
INFO:root:[   95] Training loss: 0.25872415, Validation loss: 0.24543549, Gradient norm: 1.85365796
INFO:root:At the start of the epoch: mem (CPU python)=6522.2421875MB; mem (CPU total)=15593.0078125MB
INFO:root:[   96] Training loss: 0.25885216, Validation loss: 0.24503060, Gradient norm: 1.83011082
INFO:root:At the start of the epoch: mem (CPU python)=6535.08984375MB; mem (CPU total)=15636.984375MB
INFO:root:EP 96: Early stopping
INFO:root:Training for autoregressive step 2 starts now.
INFO:root:Learning rate reduced to: [3.90625e-05]
INFO:root:At the start of the epoch: mem (CPU python)=6567.02734375MB; mem (CPU total)=15647.99609375MB
INFO:root:[   98] Training loss: 0.33504332, Validation loss: 0.30393028, Gradient norm: 3.85619935
INFO:root:At the start of the epoch: mem (CPU python)=6590.3515625MB; mem (CPU total)=15714.14453125MB
INFO:root:[   99] Training loss: 0.33183467, Validation loss: 0.30405167, Gradient norm: 3.93645955
INFO:root:At the start of the epoch: mem (CPU python)=6622.8828125MB; mem (CPU total)=15777.94140625MB
INFO:root:[  100] Training loss: 0.33122754, Validation loss: 0.30393981, Gradient norm: 4.31591958
INFO:root:At the start of the epoch: mem (CPU python)=6647.19921875MB; mem (CPU total)=15765.3828125MB
INFO:root:[  101] Training loss: 0.32991009, Validation loss: 0.30499862, Gradient norm: 4.66094833
INFO:root:At the start of the epoch: mem (CPU python)=6647.19921875MB; mem (CPU total)=15866.86328125MB
INFO:root:[  102] Training loss: 0.32938137, Validation loss: 0.30568898, Gradient norm: 4.91516636
INFO:root:At the start of the epoch: mem (CPU python)=6664.87109375MB; mem (CPU total)=15844.296875MB
INFO:root:[  103] Training loss: 0.32887799, Validation loss: 0.30492631, Gradient norm: 4.92243070
INFO:root:At the start of the epoch: mem (CPU python)=6682.95703125MB; mem (CPU total)=15934.04296875MB
INFO:root:[  104] Training loss: 0.32816901, Validation loss: 0.30591863, Gradient norm: 5.22077329
INFO:root:At the start of the epoch: mem (CPU python)=6731.30859375MB; mem (CPU total)=16013.4140625MB
INFO:root:[  105] Training loss: 0.32755962, Validation loss: 0.30599649, Gradient norm: 5.34170819
INFO:root:At the start of the epoch: mem (CPU python)=6750.375MB; mem (CPU total)=16030.1640625MB
INFO:root:[  106] Training loss: 0.32706886, Validation loss: 0.30475339, Gradient norm: 5.48570927
INFO:root:At the start of the epoch: mem (CPU python)=6767.75MB; mem (CPU total)=16080.20703125MB
INFO:root:[  107] Training loss: 0.32679835, Validation loss: 0.30535063, Gradient norm: 5.52797193
INFO:root:At the start of the epoch: mem (CPU python)=6769.05859375MB; mem (CPU total)=16090.25390625MB
INFO:root:EP 107: Early stopping
INFO:root:After finishing all epochs: mem (CPU python)=6792.59375MB; mem (CPU total)=16156.18359375MB
INFO:root:Training the model took 3812.539s.
INFO:root:Emptying the cuda cache took 0.065s.
INFO:root:Starting evaluation: model SFNO & uncertainty quantification scoring-rule-reparam
INFO:root:Evaluating the model on Validation data.
INFO:root:MSEValidation: 0.50788
INFO:root:EnergyScoreValidation: 0.35786
INFO:root:CRPSValidation: 0.18939
INFO:root:Gaussian NLLValidation: 108.1254
INFO:root:CoverageValidation: 0.32362
INFO:root:IntervalWidthValidation: 0.53274
INFO:root:Evaluating the model on Test data.
INFO:root:MSETest: 0.37711
INFO:root:EnergyScoreTest: 0.26577
INFO:root:CRPSTest: 0.15438
INFO:root:Gaussian NLLTest: 20523918491.648
INFO:root:CoverageTest: 0.07697
INFO:root:IntervalWidthTest: 0.22346
INFO:root:After validation: mem (CPU python)=6792.59375MB; mem (CPU total)=16352.171875MB
INFO:root:###2 out of 3 training parameter combinations ###
INFO:root:Training parameters: {'seed': 12345, 'model': 'SFNO', 'uncertainty_quantification': 'scoring-rule-reparam', 'batch_size': 32, 'n_epochs': 1000, 'early_stopping': 10, 'init': 'default', 'learning_rate': 0.005, 'lr_schedule': 'step', 'optimizer': 'adam', 'gradient_clipping': 1, 'layer_normalization': True, 'data_loader_pin_memory': False, 'data_loader_num_workers': 0, 'distributed_training': False, 'alpha': 0.05, 'n_samples_uq': 100, 'weight_decay': 0, 'dropout': 0.005, 'fourier_dropout': None, 'hidden_channels': 32, 'projection_channels': 256, 'lifting_channels': 256, 'n_modes': (32, 32), 'n_samples': 3}
INFO:root:After creating the dataloaders: mem (CPU python)=6792.59375MB; mem (CPU total)=16352.0MB
INFO:root:NumberParameters: 294054
INFO:root:GPU memory allocated: 188743680
INFO:root:After setting up the model: mem (CPU python)=6792.59375MB; mem (CPU total)=16390.48046875MB
INFO:root:Training starts now.
INFO:root:At the start of the epoch: mem (CPU python)=6792.59375MB; mem (CPU total)=16391.63671875MB
INFO:root:[    1] Training loss: 0.59085628, Validation loss: 0.52276880, Gradient norm: 0.34562253
INFO:root:At the start of the epoch: mem (CPU python)=6844.67578125MB; mem (CPU total)=16423.74609375MB
INFO:root:[    2] Training loss: 0.52163079, Validation loss: 0.51718488, Gradient norm: 0.19309512
INFO:root:At the start of the epoch: mem (CPU python)=6865.94140625MB; mem (CPU total)=16444.6484375MB
INFO:root:[    3] Training loss: 0.51798609, Validation loss: 0.51197650, Gradient norm: 0.18421261
INFO:root:At the start of the epoch: mem (CPU python)=6901.1015625MB; mem (CPU total)=16498.56640625MB
INFO:root:[    4] Training loss: 0.50402121, Validation loss: 0.49354190, Gradient norm: 0.23475068
INFO:root:At the start of the epoch: mem (CPU python)=6953.8203125MB; mem (CPU total)=16514.4375MB
INFO:root:[    5] Training loss: 0.47264829, Validation loss: 0.44326569, Gradient norm: 0.37509678
INFO:root:At the start of the epoch: mem (CPU python)=6953.8203125MB; mem (CPU total)=16539.15625MB
INFO:root:[    6] Training loss: 0.43539678, Validation loss: 0.41829923, Gradient norm: 0.41320890
INFO:root:At the start of the epoch: mem (CPU python)=6964.36328125MB; mem (CPU total)=16612.56640625MB
INFO:root:[    7] Training loss: 0.41886920, Validation loss: 0.40500073, Gradient norm: 0.42376060
INFO:root:At the start of the epoch: mem (CPU python)=6978.26171875MB; mem (CPU total)=16543.58203125MB
INFO:root:[    8] Training loss: 0.40667167, Validation loss: 0.39008429, Gradient norm: 0.50935975
INFO:root:At the start of the epoch: mem (CPU python)=7006.9921875MB; mem (CPU total)=16586.85546875MB
INFO:root:[    9] Training loss: 0.39302186, Validation loss: 0.37245505, Gradient norm: 0.64973008
INFO:root:At the start of the epoch: mem (CPU python)=7016.234375MB; mem (CPU total)=16644.48828125MB
INFO:root:[   10] Training loss: 0.38030333, Validation loss: 0.39668893, Gradient norm: 0.79311833
INFO:root:At the start of the epoch: mem (CPU python)=7049.96484375MB; mem (CPU total)=16692.36328125MB
INFO:root:[   11] Training loss: 0.37071739, Validation loss: 0.35561286, Gradient norm: 0.89533154
INFO:root:At the start of the epoch: mem (CPU python)=7063.87109375MB; mem (CPU total)=16641.73828125MB
INFO:root:[   12] Training loss: 0.35590165, Validation loss: 0.33788524, Gradient norm: 0.86153754
INFO:root:At the start of the epoch: mem (CPU python)=7095.58203125MB; mem (CPU total)=16699.92578125MB
INFO:root:[   13] Training loss: 0.35300581, Validation loss: 0.32572177, Gradient norm: 1.11631999
INFO:root:At the start of the epoch: mem (CPU python)=7099.5703125MB; mem (CPU total)=16712.296875MB
INFO:root:[   14] Training loss: 0.34262066, Validation loss: 0.32834426, Gradient norm: 1.02509876
INFO:root:At the start of the epoch: mem (CPU python)=7130.83984375MB; mem (CPU total)=16748.5625MB
INFO:root:[   15] Training loss: 0.34030575, Validation loss: 0.31798765, Gradient norm: 1.21573489
INFO:root:At the start of the epoch: mem (CPU python)=7159.328125MB; mem (CPU total)=16816.06640625MB
INFO:root:[   16] Training loss: 0.33777208, Validation loss: 0.33610184, Gradient norm: 1.24383177
INFO:root:At the start of the epoch: mem (CPU python)=7163.9375MB; mem (CPU total)=16836.22265625MB
INFO:root:[   17] Training loss: 0.33617745, Validation loss: 0.32797815, Gradient norm: 1.34463251
INFO:root:At the start of the epoch: mem (CPU python)=7194.4375MB; mem (CPU total)=16859.70703125MB
INFO:root:[   18] Training loss: 0.33037116, Validation loss: 0.32341247, Gradient norm: 1.20936201
INFO:root:At the start of the epoch: mem (CPU python)=7205.078125MB; mem (CPU total)=16887.7578125MB
INFO:root:[   19] Training loss: 0.33098456, Validation loss: 0.31143937, Gradient norm: 1.56741853
INFO:root:At the start of the epoch: mem (CPU python)=7227.26171875MB; mem (CPU total)=16892.74609375MB
INFO:root:[   20] Training loss: 0.32685988, Validation loss: 0.32605445, Gradient norm: 1.44264228
INFO:root:At the start of the epoch: mem (CPU python)=7265.20703125MB; mem (CPU total)=16941.015625MB
INFO:root:[   21] Training loss: 0.32833000, Validation loss: 0.31822944, Gradient norm: 1.53904646
INFO:root:At the start of the epoch: mem (CPU python)=7303.35546875MB; mem (CPU total)=16959.0859375MB
INFO:root:[   22] Training loss: 0.31815207, Validation loss: 0.29565576, Gradient norm: 1.73910949
INFO:root:At the start of the epoch: mem (CPU python)=7303.35546875MB; mem (CPU total)=17073.0390625MB
INFO:root:[   23] Training loss: 0.31323912, Validation loss: 0.30866368, Gradient norm: 1.77591941
INFO:root:At the start of the epoch: mem (CPU python)=7312.25MB; mem (CPU total)=17059.421875MB
INFO:root:[   24] Training loss: 0.30667581, Validation loss: 0.28240965, Gradient norm: 1.73977314
INFO:root:At the start of the epoch: mem (CPU python)=7355.91015625MB; mem (CPU total)=17135.3671875MB
INFO:root:[   25] Training loss: 0.30521732, Validation loss: 0.29745602, Gradient norm: 1.87992330
INFO:root:At the start of the epoch: mem (CPU python)=7367.54296875MB; mem (CPU total)=17129.49609375MB
INFO:root:[   26] Training loss: 0.30631882, Validation loss: 0.28794673, Gradient norm: 1.87425283
INFO:root:At the start of the epoch: mem (CPU python)=7376.28515625MB; mem (CPU total)=17145.23046875MB
INFO:root:[   27] Training loss: 0.30279934, Validation loss: 0.28779005, Gradient norm: 2.04152520
INFO:root:At the start of the epoch: mem (CPU python)=7401.4765625MB; mem (CPU total)=17252.6796875MB
INFO:root:[   28] Training loss: 0.30364030, Validation loss: 0.29078449, Gradient norm: 2.01144671
INFO:root:At the start of the epoch: mem (CPU python)=7418.10546875MB; mem (CPU total)=17276.73828125MB
INFO:root:[   29] Training loss: 0.30310818, Validation loss: 0.28406915, Gradient norm: 2.18217373
INFO:root:At the start of the epoch: mem (CPU python)=7454.25390625MB; mem (CPU total)=17255.3671875MB
INFO:root:[   30] Training loss: 0.30946312, Validation loss: 0.28169978, Gradient norm: 2.04952925
INFO:root:At the start of the epoch: mem (CPU python)=7461.3515625MB; mem (CPU total)=17300.6328125MB
INFO:root:[   31] Training loss: 0.29724739, Validation loss: 0.27938645, Gradient norm: 1.96498345
INFO:root:At the start of the epoch: mem (CPU python)=7482.77734375MB; mem (CPU total)=17336.30859375MB
INFO:root:[   32] Training loss: 0.29926121, Validation loss: 0.29036719, Gradient norm: 2.26084951
INFO:root:At the start of the epoch: mem (CPU python)=7511.3359375MB; mem (CPU total)=17333.1640625MB
INFO:root:[   33] Training loss: 0.30302909, Validation loss: 0.29072351, Gradient norm: 2.29121748
INFO:root:At the start of the epoch: mem (CPU python)=7548.61328125MB; mem (CPU total)=17426.30078125MB
INFO:root:[   34] Training loss: 0.30028310, Validation loss: 0.28320152, Gradient norm: 2.06555568
INFO:root:At the start of the epoch: mem (CPU python)=7577.92578125MB; mem (CPU total)=17506.4296875MB
INFO:root:[   35] Training loss: 0.29732528, Validation loss: 0.28154234, Gradient norm: 2.41762474
INFO:root:At the start of the epoch: mem (CPU python)=7577.92578125MB; mem (CPU total)=17475.3359375MB
INFO:root:[   36] Training loss: 0.29921734, Validation loss: 0.27729447, Gradient norm: 2.34459039
INFO:root:At the start of the epoch: mem (CPU python)=7615.46875MB; mem (CPU total)=17369.75390625MB
INFO:root:[   37] Training loss: 0.29842635, Validation loss: 0.27983682, Gradient norm: 2.35608065
INFO:root:At the start of the epoch: mem (CPU python)=7620.49609375MB; mem (CPU total)=17550.453125MB
INFO:root:[   38] Training loss: 0.29478687, Validation loss: 0.27709848, Gradient norm: 2.23574092
INFO:root:At the start of the epoch: mem (CPU python)=7647.0546875MB; mem (CPU total)=17569.64453125MB
INFO:root:[   39] Training loss: 0.29901616, Validation loss: 0.27644067, Gradient norm: 2.49309969
INFO:root:At the start of the epoch: mem (CPU python)=7676.2578125MB; mem (CPU total)=17644.09765625MB
INFO:root:[   40] Training loss: 0.30202588, Validation loss: 0.27781066, Gradient norm: 2.77342500
INFO:root:At the start of the epoch: mem (CPU python)=7692.27734375MB; mem (CPU total)=17643.31640625MB
INFO:root:[   41] Training loss: 0.29879668, Validation loss: 0.28784852, Gradient norm: 2.45729598
INFO:root:At the start of the epoch: mem (CPU python)=7709.33203125MB; mem (CPU total)=17721.13671875MB
INFO:root:[   42] Training loss: 0.29448833, Validation loss: 0.28470528, Gradient norm: 2.55586644
INFO:root:At the start of the epoch: mem (CPU python)=7734.4765625MB; mem (CPU total)=17665.46875MB
INFO:root:[   43] Training loss: 0.29399582, Validation loss: 0.27640165, Gradient norm: 2.72529418
INFO:root:At the start of the epoch: mem (CPU python)=7738.9296875MB; mem (CPU total)=17750.3515625MB
INFO:root:[   44] Training loss: 0.30055935, Validation loss: 0.29084366, Gradient norm: 2.80708224
INFO:root:At the start of the epoch: mem (CPU python)=7807.39453125MB; mem (CPU total)=17823.82421875MB
INFO:root:[   45] Training loss: 0.29770700, Validation loss: 0.28218304, Gradient norm: 2.62531430
INFO:root:At the start of the epoch: mem (CPU python)=7807.39453125MB; mem (CPU total)=17844.9140625MB
INFO:root:[   46] Training loss: 0.29577857, Validation loss: 0.28333132, Gradient norm: 3.04905119
INFO:root:At the start of the epoch: mem (CPU python)=7850.390625MB; mem (CPU total)=17804.609375MB
INFO:root:[   47] Training loss: 0.29245426, Validation loss: 0.26857722, Gradient norm: 2.72568815
INFO:root:At the start of the epoch: mem (CPU python)=7883.48828125MB; mem (CPU total)=17862.71875MB
INFO:root:[   48] Training loss: 0.29705537, Validation loss: 0.27883072, Gradient norm: 2.95146160
INFO:root:At the start of the epoch: mem (CPU python)=7883.48828125MB; mem (CPU total)=17935.53515625MB
INFO:root:[   49] Training loss: 0.29488275, Validation loss: 0.27154157, Gradient norm: 2.84657367
INFO:root:At the start of the epoch: mem (CPU python)=7892.30078125MB; mem (CPU total)=17969.03515625MB
INFO:root:[   50] Training loss: 0.29768177, Validation loss: 0.28079154, Gradient norm: 2.95926219
INFO:root:At the start of the epoch: mem (CPU python)=7946.76171875MB; mem (CPU total)=17971.21875MB
INFO:root:[   51] Training loss: 0.29884109, Validation loss: 0.28907992, Gradient norm: 2.92184456
INFO:root:At the start of the epoch: mem (CPU python)=7946.76171875MB; mem (CPU total)=17979.6484375MB
INFO:root:[   52] Training loss: 0.28911839, Validation loss: 0.28667828, Gradient norm: 3.27874365
INFO:root:At the start of the epoch: mem (CPU python)=7977.81640625MB; mem (CPU total)=18049.35546875MB
INFO:root:[   53] Training loss: 0.29778914, Validation loss: 0.28463658, Gradient norm: 3.54709980
INFO:root:At the start of the epoch: mem (CPU python)=7977.81640625MB; mem (CPU total)=18139.74609375MB
INFO:root:[   54] Training loss: 0.29680950, Validation loss: 0.28477478, Gradient norm: 3.08831532
INFO:root:At the start of the epoch: mem (CPU python)=7984.40625MB; mem (CPU total)=18183.22265625MB
INFO:root:[   55] Training loss: 0.29497267, Validation loss: 0.28837687, Gradient norm: 3.22294919
INFO:root:At the start of the epoch: mem (CPU python)=8018.578125MB; mem (CPU total)=18163.3984375MB
INFO:root:[   56] Training loss: 0.29296548, Validation loss: 0.28186671, Gradient norm: 3.35625504
INFO:root:At the start of the epoch: mem (CPU python)=8038.2890625MB; mem (CPU total)=18204.8046875MB
INFO:root:[   57] Training loss: 0.29486777, Validation loss: 0.28014657, Gradient norm: 3.06663167
INFO:root:At the start of the epoch: mem (CPU python)=8073.51953125MB; mem (CPU total)=18265.79296875MB
INFO:root:[   58] Training loss: 0.28994574, Validation loss: 0.27380669, Gradient norm: 3.28812417
INFO:root:At the start of the epoch: mem (CPU python)=8082.28515625MB; mem (CPU total)=18274.328125MB
INFO:root:[   59] Training loss: 0.29963095, Validation loss: 0.28089169, Gradient norm: 3.44415650
INFO:root:At the start of the epoch: mem (CPU python)=8100.07421875MB; mem (CPU total)=18285.10546875MB
INFO:root:[   60] Training loss: 0.29211299, Validation loss: 0.27047780, Gradient norm: 3.15972199
INFO:root:At the start of the epoch: mem (CPU python)=8159.4296875MB; mem (CPU total)=18296.2421875MB
INFO:root:[   61] Training loss: 0.29546236, Validation loss: 0.28867686, Gradient norm: 3.71845434
INFO:root:At the start of the epoch: mem (CPU python)=8159.4296875MB; mem (CPU total)=18396.77734375MB
INFO:root:[   62] Training loss: 0.29674596, Validation loss: 0.29897493, Gradient norm: 3.55281096
INFO:root:At the start of the epoch: mem (CPU python)=8177.8125MB; mem (CPU total)=18458.9921875MB
INFO:root:[   63] Training loss: 0.29328108, Validation loss: 0.28094050, Gradient norm: 3.54037228
INFO:root:At the start of the epoch: mem (CPU python)=8195.41015625MB; mem (CPU total)=18443.36328125MB
INFO:root:[   64] Training loss: 0.29523936, Validation loss: 0.27959682, Gradient norm: 3.39835828
INFO:root:At the start of the epoch: mem (CPU python)=8197.4296875MB; mem (CPU total)=18455.25MB
INFO:root:[   65] Training loss: 0.29344447, Validation loss: 0.28601189, Gradient norm: 3.71849810
INFO:root:At the start of the epoch: mem (CPU python)=8228.23046875MB; mem (CPU total)=18516.96484375MB
INFO:root:[   66] Training loss: 0.29521078, Validation loss: 0.29052813, Gradient norm: 3.39426805
INFO:root:At the start of the epoch: mem (CPU python)=8252.60546875MB; mem (CPU total)=18580.80859375MB
INFO:root:Learning rate reduced to: 0.0025
INFO:root:[   67] Training loss: 0.29340022, Validation loss: 0.28258593, Gradient norm: 3.84418114
INFO:root:At the start of the epoch: mem (CPU python)=8284.453125MB; mem (CPU total)=18632.11328125MB
INFO:root:Learning rate reduced to: 0.00125
INFO:root:[   68] Training loss: 0.27504661, Validation loss: 0.26466049, Gradient norm: 2.81123097
INFO:root:At the start of the epoch: mem (CPU python)=8291.296875MB; mem (CPU total)=18589.1953125MB
INFO:root:[   69] Training loss: 0.26687875, Validation loss: 0.25346708, Gradient norm: 2.11214669
INFO:root:At the start of the epoch: mem (CPU python)=8305.109375MB; mem (CPU total)=18622.03515625MB
INFO:root:[   70] Training loss: 0.26549570, Validation loss: 0.25449281, Gradient norm: 2.36110873
INFO:root:At the start of the epoch: mem (CPU python)=8312.9296875MB; mem (CPU total)=18671.65625MB
INFO:root:[   71] Training loss: 0.26618414, Validation loss: 0.25484627, Gradient norm: 2.76961269
INFO:root:At the start of the epoch: mem (CPU python)=8334.40625MB; mem (CPU total)=18686.265625MB
INFO:root:[   72] Training loss: 0.26649441, Validation loss: 0.25525912, Gradient norm: 3.00455320
INFO:root:At the start of the epoch: mem (CPU python)=8365.63671875MB; mem (CPU total)=18717.984375MB
INFO:root:[   73] Training loss: 0.26513085, Validation loss: 0.25097473, Gradient norm: 3.33358478
INFO:root:At the start of the epoch: mem (CPU python)=8412.51171875MB; mem (CPU total)=18744.796875MB
INFO:root:[   74] Training loss: 0.26717920, Validation loss: 0.25558211, Gradient norm: 3.71964799
INFO:root:At the start of the epoch: mem (CPU python)=8422.6328125MB; mem (CPU total)=18826.82421875MB
INFO:root:[   75] Training loss: 0.26544861, Validation loss: 0.25390984, Gradient norm: 3.83657134
INFO:root:At the start of the epoch: mem (CPU python)=8431.0390625MB; mem (CPU total)=18836.13671875MB
INFO:root:[   76] Training loss: 0.26545220, Validation loss: 0.25686074, Gradient norm: 4.08981089
INFO:root:At the start of the epoch: mem (CPU python)=8459.9921875MB; mem (CPU total)=18823.80078125MB
INFO:root:[   77] Training loss: 0.26669711, Validation loss: 0.25270543, Gradient norm: 4.24471170
INFO:root:At the start of the epoch: mem (CPU python)=8474.18359375MB; mem (CPU total)=18890.4609375MB
INFO:root:[   78] Training loss: 0.26589060, Validation loss: 0.25450055, Gradient norm: 4.54047544
INFO:root:At the start of the epoch: mem (CPU python)=8495.75MB; mem (CPU total)=18906.67578125MB
INFO:root:[   79] Training loss: 0.26887462, Validation loss: 0.25924668, Gradient norm: 4.85381158
INFO:root:At the start of the epoch: mem (CPU python)=8519.15625MB; mem (CPU total)=18975.20703125MB
INFO:root:Learning rate reduced to: 0.000625
INFO:root:[   80] Training loss: 0.26734021, Validation loss: 0.25586317, Gradient norm: 5.21593715
INFO:root:At the start of the epoch: mem (CPU python)=8526.12109375MB; mem (CPU total)=19031.1875MB
INFO:root:Learning rate reduced to: 0.0003125
INFO:root:[   81] Training loss: 0.26208954, Validation loss: 0.25167993, Gradient norm: 3.40409317
INFO:root:At the start of the epoch: mem (CPU python)=8565.7734375MB; mem (CPU total)=19003.80859375MB
INFO:root:Learning rate reduced to: 0.00015625
INFO:root:[   82] Training loss: 0.26031925, Validation loss: 0.24908343, Gradient norm: 2.40961925
INFO:root:At the start of the epoch: mem (CPU python)=8568.0703125MB; mem (CPU total)=19072.69921875MB
INFO:root:[   83] Training loss: 0.25903217, Validation loss: 0.24713977, Gradient norm: 1.69796968
INFO:root:At the start of the epoch: mem (CPU python)=8590.66015625MB; mem (CPU total)=19126.98046875MB
INFO:root:[   84] Training loss: 0.25913576, Validation loss: 0.24721391, Gradient norm: 1.70356197
INFO:root:At the start of the epoch: mem (CPU python)=8631.4765625MB; mem (CPU total)=19117.8828125MB
INFO:root:[   85] Training loss: 0.25879530, Validation loss: 0.24738389, Gradient norm: 1.60480024
INFO:root:At the start of the epoch: mem (CPU python)=8639.6640625MB; mem (CPU total)=19145.3671875MB
INFO:root:[   86] Training loss: 0.25866657, Validation loss: 0.24813749, Gradient norm: 2.24536038
INFO:root:At the start of the epoch: mem (CPU python)=8665.46484375MB; mem (CPU total)=19190.75390625MB
INFO:root:[   87] Training loss: 0.25882870, Validation loss: 0.24689921, Gradient norm: 2.14882651
INFO:root:At the start of the epoch: mem (CPU python)=8687.67578125MB; mem (CPU total)=19239.53515625MB
INFO:root:[   88] Training loss: 0.25898650, Validation loss: 0.24703350, Gradient norm: 2.17999152
INFO:root:At the start of the epoch: mem (CPU python)=8729.94140625MB; mem (CPU total)=19285.65625MB
INFO:root:[   89] Training loss: 0.25822229, Validation loss: 0.24771486, Gradient norm: 2.29577157
INFO:root:At the start of the epoch: mem (CPU python)=8729.94140625MB; mem (CPU total)=19301.19140625MB
INFO:root:[   90] Training loss: 0.25854153, Validation loss: 0.24752330, Gradient norm: 2.34141869
INFO:root:At the start of the epoch: mem (CPU python)=8738.20703125MB; mem (CPU total)=19350.17578125MB
INFO:root:[   91] Training loss: 0.25816394, Validation loss: 0.24712249, Gradient norm: 2.45039031
INFO:root:At the start of the epoch: mem (CPU python)=8762.1875MB; mem (CPU total)=19323.5078125MB
INFO:root:[   92] Training loss: 0.25870826, Validation loss: 0.24686221, Gradient norm: 2.37814158
INFO:root:At the start of the epoch: mem (CPU python)=8793.04296875MB; mem (CPU total)=19403.2890625MB
INFO:root:[   93] Training loss: 0.25862597, Validation loss: 0.24746052, Gradient norm: 2.84142515
INFO:root:At the start of the epoch: mem (CPU python)=8814.640625MB; mem (CPU total)=19421.6328125MB
INFO:root:[   94] Training loss: 0.25917092, Validation loss: 0.24718037, Gradient norm: 2.54041385
INFO:root:At the start of the epoch: mem (CPU python)=8832.8203125MB; mem (CPU total)=19469.08984375MB
INFO:root:[   95] Training loss: 0.25902562, Validation loss: 0.24776789, Gradient norm: 2.99212711
INFO:root:At the start of the epoch: mem (CPU python)=8846.46875MB; mem (CPU total)=19516.359375MB
INFO:root:[   96] Training loss: 0.25893022, Validation loss: 0.24746750, Gradient norm: 3.31144650
INFO:root:At the start of the epoch: mem (CPU python)=8892.2421875MB; mem (CPU total)=19574.5546875MB
INFO:root:[   97] Training loss: 0.25855513, Validation loss: 0.24680250, Gradient norm: 3.55697187
INFO:root:At the start of the epoch: mem (CPU python)=8892.2421875MB; mem (CPU total)=19595.0546875MB
INFO:root:[   98] Training loss: 0.25815563, Validation loss: 0.24634442, Gradient norm: 2.69772377
INFO:root:At the start of the epoch: mem (CPU python)=8920.74609375MB; mem (CPU total)=19602.6171875MB
INFO:root:[   99] Training loss: 0.25873950, Validation loss: 0.24718383, Gradient norm: 3.01483126
INFO:root:At the start of the epoch: mem (CPU python)=8930.81640625MB; mem (CPU total)=19665.2421875MB
INFO:root:[  100] Training loss: 0.25878198, Validation loss: 0.24640309, Gradient norm: 3.66570221
INFO:root:At the start of the epoch: mem (CPU python)=8963.984375MB; mem (CPU total)=19695.01171875MB
INFO:root:[  101] Training loss: 0.25879462, Validation loss: 0.24715406, Gradient norm: 3.03967029
INFO:root:At the start of the epoch: mem (CPU python)=8974.51953125MB; mem (CPU total)=19704.44921875MB
INFO:root:[  102] Training loss: 0.25798951, Validation loss: 0.24666828, Gradient norm: 2.90026150
INFO:root:At the start of the epoch: mem (CPU python)=9041.296875MB; mem (CPU total)=19751.65625MB
INFO:root:[  103] Training loss: 0.25827713, Validation loss: 0.24698648, Gradient norm: 3.25024734
INFO:root:At the start of the epoch: mem (CPU python)=9041.296875MB; mem (CPU total)=19753.6953125MB
INFO:root:[  104] Training loss: 0.25807289, Validation loss: 0.24642419, Gradient norm: 3.07092082
INFO:root:At the start of the epoch: mem (CPU python)=9041.296875MB; mem (CPU total)=19839.25390625MB
INFO:root:Learning rate reduced to: 7.8125e-05
INFO:root:[  105] Training loss: 0.25814027, Validation loss: 0.24736072, Gradient norm: 4.52091084
INFO:root:At the start of the epoch: mem (CPU python)=9058.578125MB; mem (CPU total)=19892.21484375MB
INFO:root:[  106] Training loss: 0.25820347, Validation loss: 0.24600993, Gradient norm: 2.55449132
INFO:root:At the start of the epoch: mem (CPU python)=9106.953125MB; mem (CPU total)=19907.21875MB
INFO:root:[  107] Training loss: 0.25767035, Validation loss: 0.24647819, Gradient norm: 2.53127062
INFO:root:At the start of the epoch: mem (CPU python)=9136.25MB; mem (CPU total)=19928.7421875MB
INFO:root:[  108] Training loss: 0.25782472, Validation loss: 0.24688113, Gradient norm: 2.83412896
INFO:root:At the start of the epoch: mem (CPU python)=9136.25MB; mem (CPU total)=19956.421875MB
INFO:root:[  109] Training loss: 0.25763654, Validation loss: 0.24624216, Gradient norm: 2.96029469
INFO:root:At the start of the epoch: mem (CPU python)=9148.9609375MB; mem (CPU total)=20019.65234375MB
INFO:root:[  110] Training loss: 0.25766145, Validation loss: 0.24677208, Gradient norm: 2.71061625
INFO:root:At the start of the epoch: mem (CPU python)=9177.40625MB; mem (CPU total)=19987.1484375MB
INFO:root:[  111] Training loss: 0.25781458, Validation loss: 0.24637507, Gradient norm: 2.61986112
INFO:root:At the start of the epoch: mem (CPU python)=9185.71484375MB; mem (CPU total)=20025.3671875MB
INFO:root:[  112] Training loss: 0.25816565, Validation loss: 0.24620724, Gradient norm: 2.83176246
INFO:root:At the start of the epoch: mem (CPU python)=9206.8125MB; mem (CPU total)=20090.73046875MB
INFO:root:[  113] Training loss: 0.25771190, Validation loss: 0.24605190, Gradient norm: 2.96903187
INFO:root:At the start of the epoch: mem (CPU python)=9237.9296875MB; mem (CPU total)=20114.703125MB
INFO:root:[  114] Training loss: 0.25774161, Validation loss: 0.24608752, Gradient norm: 2.99043969
INFO:root:At the start of the epoch: mem (CPU python)=9249.703125MB; mem (CPU total)=20132.40234375MB
INFO:root:[  115] Training loss: 0.25798193, Validation loss: 0.24608427, Gradient norm: 3.12130289
INFO:root:At the start of the epoch: mem (CPU python)=9281.01171875MB; mem (CPU total)=20209.46484375MB
INFO:root:[  116] Training loss: 0.25725310, Validation loss: 0.24578003, Gradient norm: 3.42361061
INFO:root:At the start of the epoch: mem (CPU python)=9293.87890625MB; mem (CPU total)=20246.9765625MB
INFO:root:[  117] Training loss: 0.25718832, Validation loss: 0.24577458, Gradient norm: 3.05821247
INFO:root:At the start of the epoch: mem (CPU python)=9340.5MB; mem (CPU total)=20289.88671875MB
INFO:root:[  118] Training loss: 0.25774105, Validation loss: 0.24625591, Gradient norm: 3.01132224
INFO:root:At the start of the epoch: mem (CPU python)=9340.5MB; mem (CPU total)=20266.96484375MB
INFO:root:[  119] Training loss: 0.25780477, Validation loss: 0.24604138, Gradient norm: 3.32844232
INFO:root:At the start of the epoch: mem (CPU python)=9393.5625MB; mem (CPU total)=20333.71875MB
INFO:root:[  120] Training loss: 0.25780531, Validation loss: 0.24673557, Gradient norm: 3.31103730
INFO:root:At the start of the epoch: mem (CPU python)=9393.5625MB; mem (CPU total)=20368.31640625MB
INFO:root:[  121] Training loss: 0.25789583, Validation loss: 0.24673487, Gradient norm: 3.44086198
INFO:root:At the start of the epoch: mem (CPU python)=9398.703125MB; mem (CPU total)=20403.0MB
INFO:root:[  122] Training loss: 0.25769495, Validation loss: 0.24664018, Gradient norm: 3.12996465
INFO:root:At the start of the epoch: mem (CPU python)=9421.3046875MB; mem (CPU total)=20425.40625MB
INFO:root:[  123] Training loss: 0.25754298, Validation loss: 0.24711994, Gradient norm: 3.55207828
INFO:root:At the start of the epoch: mem (CPU python)=9442.28125MB; mem (CPU total)=20484.71484375MB
INFO:root:[  124] Training loss: 0.25746749, Validation loss: 0.24651849, Gradient norm: 3.52786423
INFO:root:At the start of the epoch: mem (CPU python)=9473.08203125MB; mem (CPU total)=20494.4453125MB
INFO:root:[  125] Training loss: 0.25767535, Validation loss: 0.24642191, Gradient norm: 3.79657077
INFO:root:At the start of the epoch: mem (CPU python)=9484.66015625MB; mem (CPU total)=20541.15234375MB
INFO:root:[  126] Training loss: 0.25744588, Validation loss: 0.24555088, Gradient norm: 3.58156947
INFO:root:At the start of the epoch: mem (CPU python)=9516.69140625MB; mem (CPU total)=20573.34765625MB
INFO:root:[  127] Training loss: 0.25819923, Validation loss: 0.24599878, Gradient norm: 3.83214841
INFO:root:At the start of the epoch: mem (CPU python)=9548.49609375MB; mem (CPU total)=20599.48046875MB
INFO:root:[  128] Training loss: 0.25780348, Validation loss: 0.24664415, Gradient norm: 3.91365249
INFO:root:At the start of the epoch: mem (CPU python)=9554.48046875MB; mem (CPU total)=20658.36328125MB
INFO:root:[  129] Training loss: 0.25762623, Validation loss: 0.24611731, Gradient norm: 3.48321260
INFO:root:At the start of the epoch: mem (CPU python)=9574.6640625MB; mem (CPU total)=20678.7265625MB
INFO:root:[  130] Training loss: 0.25808449, Validation loss: 0.24621813, Gradient norm: 3.74881430
INFO:root:At the start of the epoch: mem (CPU python)=9614.77734375MB; mem (CPU total)=20724.3984375MB
INFO:root:[  131] Training loss: 0.25807148, Validation loss: 0.24644049, Gradient norm: 3.67891714
INFO:root:At the start of the epoch: mem (CPU python)=9614.77734375MB; mem (CPU total)=20747.0234375MB
INFO:root:[  132] Training loss: 0.25828900, Validation loss: 0.24610033, Gradient norm: 3.99079610
INFO:root:At the start of the epoch: mem (CPU python)=9644.5078125MB; mem (CPU total)=20817.0MB
INFO:root:[  133] Training loss: 0.25752211, Validation loss: 0.24600596, Gradient norm: 3.94641463
INFO:root:At the start of the epoch: mem (CPU python)=9667.16015625MB; mem (CPU total)=20788.2265625MB
INFO:root:[  134] Training loss: 0.25783181, Validation loss: 0.24610528, Gradient norm: 3.76651096
INFO:root:At the start of the epoch: mem (CPU python)=9677.6953125MB; mem (CPU total)=20841.25MB
INFO:root:[  135] Training loss: 0.25821065, Validation loss: 0.24624229, Gradient norm: 4.11173002
INFO:root:At the start of the epoch: mem (CPU python)=9697.25MB; mem (CPU total)=20875.52734375MB
INFO:root:EP 135: Early stopping
INFO:root:Training for autoregressive step 2 starts now.
INFO:root:Learning rate reduced to: [3.90625e-05]
INFO:root:At the start of the epoch: mem (CPU python)=9719.4375MB; mem (CPU total)=20905.49609375MB
INFO:root:[  137] Training loss: 0.33527799, Validation loss: 0.30458369, Gradient norm: 7.68253252
INFO:root:At the start of the epoch: mem (CPU python)=9748.99609375MB; mem (CPU total)=20954.89453125MB
INFO:root:[  138] Training loss: 0.33340155, Validation loss: 0.30549962, Gradient norm: 9.43719402
INFO:root:At the start of the epoch: mem (CPU python)=9761.5390625MB; mem (CPU total)=21000.08984375MB
INFO:root:[  139] Training loss: 0.33337012, Validation loss: 0.30503752, Gradient norm: 9.21817373
INFO:root:At the start of the epoch: mem (CPU python)=9796.13671875MB; mem (CPU total)=21059.71875MB
INFO:root:[  140] Training loss: 0.33253340, Validation loss: 0.30590849, Gradient norm: 9.19069313
INFO:root:At the start of the epoch: mem (CPU python)=9835.98828125MB; mem (CPU total)=21109.7265625MB
INFO:root:[  141] Training loss: 0.33238015, Validation loss: 0.30488850, Gradient norm: 10.03402276
INFO:root:At the start of the epoch: mem (CPU python)=9835.98828125MB; mem (CPU total)=21126.8203125MB
INFO:root:[  142] Training loss: 0.33246882, Validation loss: 0.30453611, Gradient norm: 9.92561514
INFO:root:At the start of the epoch: mem (CPU python)=9848.47265625MB; mem (CPU total)=21182.2109375MB
INFO:root:[  143] Training loss: 0.33198980, Validation loss: 0.30422359, Gradient norm: 9.10553626
INFO:root:At the start of the epoch: mem (CPU python)=9867.76953125MB; mem (CPU total)=21212.55078125MB
INFO:root:[  144] Training loss: 0.33123335, Validation loss: 0.30385824, Gradient norm: 9.46907914
INFO:root:At the start of the epoch: mem (CPU python)=9888.92578125MB; mem (CPU total)=21255.9609375MB
INFO:root:[  145] Training loss: 0.33169439, Validation loss: 0.30553562, Gradient norm: 10.03038029
INFO:root:At the start of the epoch: mem (CPU python)=9910.10546875MB; mem (CPU total)=21300.7578125MB
INFO:root:[  146] Training loss: 0.33165522, Validation loss: 0.30638136, Gradient norm: 10.41904592
INFO:root:At the start of the epoch: mem (CPU python)=9931.26953125MB; mem (CPU total)=21345.6015625MB
INFO:root:[  147] Training loss: 0.33095938, Validation loss: 0.30469812, Gradient norm: 9.64585040
INFO:root:At the start of the epoch: mem (CPU python)=9952.30078125MB; mem (CPU total)=21422.86328125MB
INFO:root:[  148] Training loss: 0.33089046, Validation loss: 0.30570108, Gradient norm: 10.64674919
INFO:root:At the start of the epoch: mem (CPU python)=9973.59375MB; mem (CPU total)=21468.3984375MB
INFO:root:[  149] Training loss: 0.33055434, Validation loss: 0.30592648, Gradient norm: 9.95868435
INFO:root:At the start of the epoch: mem (CPU python)=9994.76171875MB; mem (CPU total)=21477.140625MB
INFO:root:[  150] Training loss: 0.33016941, Validation loss: 0.30520949, Gradient norm: 9.92829317
INFO:root:At the start of the epoch: mem (CPU python)=10015.9140625MB; mem (CPU total)=21511.4765625MB
INFO:root:[  151] Training loss: 0.33013499, Validation loss: 0.30453905, Gradient norm: 10.48003922
INFO:root:At the start of the epoch: mem (CPU python)=10037.09375MB; mem (CPU total)=21683.05859375MB
INFO:root:[  152] Training loss: 0.32920360, Validation loss: 0.30563364, Gradient norm: 10.68000205
INFO:root:At the start of the epoch: mem (CPU python)=10058.25390625MB; mem (CPU total)=21607.3984375MB
INFO:root:[  153] Training loss: 0.32949077, Validation loss: 0.30591340, Gradient norm: 10.81780252
INFO:root:At the start of the epoch: mem (CPU python)=10079.41015625MB; mem (CPU total)=21645.3203125MB
INFO:root:EP 153: Early stopping
INFO:root:After finishing all epochs: mem (CPU python)=10100.58203125MB; mem (CPU total)=21650.94140625MB
INFO:root:Training the model took 5727.615s.
INFO:root:Emptying the cuda cache took 0.068s.
INFO:root:Starting evaluation: model SFNO & uncertainty quantification scoring-rule-reparam
INFO:root:Evaluating the model on Validation data.
INFO:root:MSEValidation: 0.50299
INFO:root:EnergyScoreValidation: 0.35548
INFO:root:CRPSValidation: 0.1828
INFO:root:Gaussian NLLValidation: 80.85098
INFO:root:CoverageValidation: 0.3621
INFO:root:IntervalWidthValidation: 0.55082
INFO:root:Evaluating the model on Test data.
INFO:root:MSETest: 0.37928
INFO:root:EnergyScoreTest: 0.26788
INFO:root:CRPSTest: 0.15231
INFO:root:Gaussian NLLTest: 20330040557.568
INFO:root:CoverageTest: 0.10098
INFO:root:IntervalWidthTest: 0.24082
INFO:root:After validation: mem (CPU python)=10100.58203125MB; mem (CPU total)=22622.45703125MB
INFO:root:###3 out of 3 training parameter combinations ###
INFO:root:Training parameters: {'seed': 123456, 'model': 'SFNO', 'uncertainty_quantification': 'scoring-rule-reparam', 'batch_size': 32, 'n_epochs': 1000, 'early_stopping': 10, 'init': 'default', 'learning_rate': 0.005, 'lr_schedule': 'step', 'optimizer': 'adam', 'gradient_clipping': 1, 'layer_normalization': True, 'data_loader_pin_memory': False, 'data_loader_num_workers': 0, 'distributed_training': False, 'alpha': 0.05, 'n_samples_uq': 100, 'weight_decay': 0, 'dropout': 0.005, 'fourier_dropout': None, 'hidden_channels': 32, 'projection_channels': 256, 'lifting_channels': 256, 'n_modes': (32, 32), 'n_samples': 3}
INFO:root:After creating the dataloaders: mem (CPU python)=10100.58203125MB; mem (CPU total)=22625.8203125MB
INFO:root:NumberParameters: 294054
INFO:root:GPU memory allocated: 264241152
INFO:root:After setting up the model: mem (CPU python)=10100.58203125MB; mem (CPU total)=22654.52734375MB
INFO:root:Training starts now.
INFO:root:At the start of the epoch: mem (CPU python)=10100.58203125MB; mem (CPU total)=22659.16796875MB
INFO:root:[    1] Training loss: 0.59189862, Validation loss: 0.52083922, Gradient norm: 0.32744095
INFO:root:At the start of the epoch: mem (CPU python)=10154.35546875MB; mem (CPU total)=21893.20703125MB
INFO:root:[    2] Training loss: 0.52135887, Validation loss: 0.51832149, Gradient norm: 0.20723026
INFO:root:At the start of the epoch: mem (CPU python)=10165.6875MB; mem (CPU total)=22708.89453125MB
INFO:root:[    3] Training loss: 0.51742427, Validation loss: 0.51012282, Gradient norm: 0.17433645
INFO:root:At the start of the epoch: mem (CPU python)=10199.57421875MB; mem (CPU total)=21986.484375MB
INFO:root:[    4] Training loss: 0.49829724, Validation loss: 0.47357182, Gradient norm: 0.27453374
INFO:root:At the start of the epoch: mem (CPU python)=10208.61328125MB; mem (CPU total)=22009.72265625MB
INFO:root:[    5] Training loss: 0.46094468, Validation loss: 0.44016315, Gradient norm: 0.33471866
INFO:root:At the start of the epoch: mem (CPU python)=10264.78125MB; mem (CPU total)=22798.9296875MB
INFO:root:[    6] Training loss: 0.42505706, Validation loss: 0.40402642, Gradient norm: 0.42007194
INFO:root:At the start of the epoch: mem (CPU python)=10264.78125MB; mem (CPU total)=22142.12109375MB
INFO:root:[    7] Training loss: 0.40597812, Validation loss: 0.40279985, Gradient norm: 0.48404417
INFO:root:At the start of the epoch: mem (CPU python)=10272.890625MB; mem (CPU total)=22964.8359375MB
INFO:root:[    8] Training loss: 0.38948330, Validation loss: 0.37709105, Gradient norm: 0.53786695
INFO:root:At the start of the epoch: mem (CPU python)=10321.78515625MB; mem (CPU total)=22151.8671875MB
INFO:root:[    9] Training loss: 0.37696038, Validation loss: 0.36002450, Gradient norm: 0.63015113
INFO:root:At the start of the epoch: mem (CPU python)=10336.265625MB; mem (CPU total)=22210.78515625MB
INFO:root:[   10] Training loss: 0.36807533, Validation loss: 0.35536419, Gradient norm: 0.74898599
INFO:root:At the start of the epoch: mem (CPU python)=10336.265625MB; mem (CPU total)=22993.75390625MB
INFO:root:[   11] Training loss: 0.35961193, Validation loss: 0.34290135, Gradient norm: 0.82581793
INFO:root:At the start of the epoch: mem (CPU python)=10366.3046875MB; mem (CPU total)=22214.453125MB
INFO:root:[   12] Training loss: 0.34748703, Validation loss: 0.32354696, Gradient norm: 1.09823856
INFO:root:At the start of the epoch: mem (CPU python)=10401.26171875MB; mem (CPU total)=23099.54296875MB
INFO:root:[   13] Training loss: 0.33946694, Validation loss: 0.33374255, Gradient norm: 1.15802644
INFO:root:At the start of the epoch: mem (CPU python)=10410.1328125MB; mem (CPU total)=22284.40234375MB
INFO:root:[   14] Training loss: 0.33689440, Validation loss: 0.33773395, Gradient norm: 1.21291831
INFO:root:At the start of the epoch: mem (CPU python)=10430.26171875MB; mem (CPU total)=23194.7109375MB
INFO:root:[   15] Training loss: 0.33357487, Validation loss: 0.31631554, Gradient norm: 1.28294899
INFO:root:At the start of the epoch: mem (CPU python)=10451.17578125MB; mem (CPU total)=23192.26171875MB
INFO:root:[   16] Training loss: 0.32580190, Validation loss: 0.30954797, Gradient norm: 1.09728468
INFO:root:At the start of the epoch: mem (CPU python)=10451.17578125MB; mem (CPU total)=22402.12109375MB
INFO:root:[   17] Training loss: 0.32698872, Validation loss: 0.31955355, Gradient norm: 1.36445720
INFO:root:At the start of the epoch: mem (CPU python)=10508.328125MB; mem (CPU total)=23325.94140625MB
INFO:root:[   18] Training loss: 0.32700242, Validation loss: 0.32457847, Gradient norm: 1.45686097
INFO:root:At the start of the epoch: mem (CPU python)=10525.5390625MB; mem (CPU total)=22497.5078125MB
INFO:root:[   19] Training loss: 0.32412471, Validation loss: 0.30094379, Gradient norm: 1.53001904
INFO:root:At the start of the epoch: mem (CPU python)=10534.546875MB; mem (CPU total)=23321.67578125MB
INFO:root:[   20] Training loss: 0.32214347, Validation loss: 0.29952918, Gradient norm: 1.47291011
INFO:root:At the start of the epoch: mem (CPU python)=10559.21484375MB; mem (CPU total)=23333.328125MB
INFO:root:[   21] Training loss: 0.31419758, Validation loss: 0.30111781, Gradient norm: 1.28461397
INFO:root:At the start of the epoch: mem (CPU python)=10567.015625MB; mem (CPU total)=22832.6328125MB
INFO:root:[   22] Training loss: 0.31587725, Validation loss: 0.30418142, Gradient norm: 1.71063973
INFO:root:At the start of the epoch: mem (CPU python)=10587.5234375MB; mem (CPU total)=23464.140625MB
INFO:root:[   23] Training loss: 0.31413042, Validation loss: 0.31286264, Gradient norm: 1.69999355
INFO:root:At the start of the epoch: mem (CPU python)=10633.68359375MB; mem (CPU total)=22642.65625MB
INFO:root:[   24] Training loss: 0.31455421, Validation loss: 0.28823360, Gradient norm: 1.63663506
INFO:root:At the start of the epoch: mem (CPU python)=10654.87890625MB; mem (CPU total)=23485.9140625MB
INFO:root:[   25] Training loss: 0.31549238, Validation loss: 0.29114221, Gradient norm: 1.84594567
INFO:root:At the start of the epoch: mem (CPU python)=10654.87890625MB; mem (CPU total)=22666.96484375MB
INFO:root:[   26] Training loss: 0.31259841, Validation loss: 0.30164750, Gradient norm: 1.95160884
INFO:root:At the start of the epoch: mem (CPU python)=10683.37109375MB; mem (CPU total)=23615.13671875MB
INFO:root:[   27] Training loss: 0.31208478, Validation loss: 0.28796297, Gradient norm: 1.75743429
INFO:root:At the start of the epoch: mem (CPU python)=10740.84765625MB; mem (CPU total)=23651.8828125MB
INFO:root:[   28] Training loss: 0.30686362, Validation loss: 0.30178774, Gradient norm: 1.82183210
INFO:root:At the start of the epoch: mem (CPU python)=10740.84765625MB; mem (CPU total)=22900.5546875MB
INFO:root:[   29] Training loss: 0.30661819, Validation loss: 0.29711596, Gradient norm: 1.89367791
INFO:root:At the start of the epoch: mem (CPU python)=10772.2890625MB; mem (CPU total)=23742.36328125MB
INFO:root:[   30] Training loss: 0.30772788, Validation loss: 0.28163128, Gradient norm: 2.05103158
INFO:root:At the start of the epoch: mem (CPU python)=10794.38671875MB; mem (CPU total)=23744.3359375MB
INFO:root:[   31] Training loss: 0.30724064, Validation loss: 0.30725884, Gradient norm: 2.16276286
INFO:root:At the start of the epoch: mem (CPU python)=10802.6640625MB; mem (CPU total)=23740.0546875MB
INFO:root:[   32] Training loss: 0.30782243, Validation loss: 0.30707669, Gradient norm: 1.93635809
INFO:root:At the start of the epoch: mem (CPU python)=10810.73046875MB; mem (CPU total)=23786.890625MB
INFO:root:[   33] Training loss: 0.30579040, Validation loss: 0.27616017, Gradient norm: 2.09042985
INFO:root:At the start of the epoch: mem (CPU python)=10832.16796875MB; mem (CPU total)=23732.38671875MB
INFO:root:[   34] Training loss: 0.30767408, Validation loss: 0.28904783, Gradient norm: 2.15712616
INFO:root:At the start of the epoch: mem (CPU python)=10841.26171875MB; mem (CPU total)=23847.6796875MB
INFO:root:[   35] Training loss: 0.30512370, Validation loss: 0.29454886, Gradient norm: 2.24030538
INFO:root:At the start of the epoch: mem (CPU python)=10876.3359375MB; mem (CPU total)=23067.69921875MB
INFO:root:[   36] Training loss: 0.30453028, Validation loss: 0.28522160, Gradient norm: 1.82322093
INFO:root:At the start of the epoch: mem (CPU python)=10897.87109375MB; mem (CPU total)=23918.6796875MB
INFO:root:[   37] Training loss: 0.30197743, Validation loss: 0.28820533, Gradient norm: 2.31380222
INFO:root:At the start of the epoch: mem (CPU python)=10929.70703125MB; mem (CPU total)=23930.9296875MB
INFO:root:[   38] Training loss: 0.30600545, Validation loss: 0.29251810, Gradient norm: 2.41015998
INFO:root:At the start of the epoch: mem (CPU python)=10937.49609375MB; mem (CPU total)=23974.93359375MB
INFO:root:[   39] Training loss: 0.30094504, Validation loss: 0.28071400, Gradient norm: 2.02939467
INFO:root:At the start of the epoch: mem (CPU python)=10973.60546875MB; mem (CPU total)=24048.14453125MB
INFO:root:[   40] Training loss: 0.29970798, Validation loss: 0.27849884, Gradient norm: 2.45002940
INFO:root:At the start of the epoch: mem (CPU python)=10973.60546875MB; mem (CPU total)=23214.796875MB
INFO:root:[   41] Training loss: 0.30350978, Validation loss: 0.28052649, Gradient norm: 2.52373737
INFO:root:At the start of the epoch: mem (CPU python)=11015.703125MB; mem (CPU total)=24091.203125MB
INFO:root:[   42] Training loss: 0.30188371, Validation loss: 0.28561578, Gradient norm: 2.16159834
INFO:root:At the start of the epoch: mem (CPU python)=11034.21875MB; mem (CPU total)=24078.52734375MB
INFO:root:[   43] Training loss: 0.29791586, Validation loss: 0.28073584, Gradient norm: 2.59189877
INFO:root:At the start of the epoch: mem (CPU python)=11034.21875MB; mem (CPU total)=24153.55859375MB
INFO:root:[   44] Training loss: 0.29934444, Validation loss: 0.28557881, Gradient norm: 2.39551971
INFO:root:At the start of the epoch: mem (CPU python)=11077.08984375MB; mem (CPU total)=24185.6640625MB
INFO:root:[   45] Training loss: 0.29809922, Validation loss: 0.28643599, Gradient norm: 2.32919985
INFO:root:At the start of the epoch: mem (CPU python)=11077.08984375MB; mem (CPU total)=24232.71875MB
INFO:root:[   46] Training loss: 0.29902058, Validation loss: 0.28436226, Gradient norm: 2.49404014
INFO:root:At the start of the epoch: mem (CPU python)=11121.62109375MB; mem (CPU total)=24243.078125MB
INFO:root:[   47] Training loss: 0.30189185, Validation loss: 0.28977409, Gradient norm: 2.38765513
INFO:root:At the start of the epoch: mem (CPU python)=11130.9609375MB; mem (CPU total)=24302.30078125MB
INFO:root:[   48] Training loss: 0.29928848, Validation loss: 0.31379383, Gradient norm: 2.82991776
INFO:root:At the start of the epoch: mem (CPU python)=11162.57421875MB; mem (CPU total)=24366.28515625MB
INFO:root:[   49] Training loss: 0.30031030, Validation loss: 0.28155538, Gradient norm: 2.43318993
INFO:root:At the start of the epoch: mem (CPU python)=11172.83984375MB; mem (CPU total)=24381.83203125MB
INFO:root:[   50] Training loss: 0.29833369, Validation loss: 0.28473633, Gradient norm: 2.78487107
INFO:root:At the start of the epoch: mem (CPU python)=11179.75390625MB; mem (CPU total)=24426.76171875MB
INFO:root:[   51] Training loss: 0.30161935, Validation loss: 0.29445577, Gradient norm: 2.91207432
INFO:root:At the start of the epoch: mem (CPU python)=11227.125MB; mem (CPU total)=24463.53125MB
INFO:root:[   52] Training loss: 0.29707803, Validation loss: 0.27331784, Gradient norm: 2.54445392
INFO:root:At the start of the epoch: mem (CPU python)=11248.453125MB; mem (CPU total)=24472.70703125MB
INFO:root:[   53] Training loss: 0.29891657, Validation loss: 0.28419838, Gradient norm: 2.68958615
INFO:root:At the start of the epoch: mem (CPU python)=11248.453125MB; mem (CPU total)=24492.0859375MB
INFO:root:[   54] Training loss: 0.30007565, Validation loss: 0.26885681, Gradient norm: 2.77157803
INFO:root:At the start of the epoch: mem (CPU python)=11275.76171875MB; mem (CPU total)=24502.93359375MB
INFO:root:[   55] Training loss: 0.29932871, Validation loss: 0.28346228, Gradient norm: 2.70434826
INFO:root:At the start of the epoch: mem (CPU python)=11299.57421875MB; mem (CPU total)=24604.81640625MB
INFO:root:[   56] Training loss: 0.29588179, Validation loss: 0.28115184, Gradient norm: 2.55430411
INFO:root:At the start of the epoch: mem (CPU python)=11312.4375MB; mem (CPU total)=24652.25390625MB
INFO:root:[   57] Training loss: 0.29569238, Validation loss: 0.27939099, Gradient norm: 2.58357347
INFO:root:At the start of the epoch: mem (CPU python)=11353.84765625MB; mem (CPU total)=23912.19140625MB
INFO:root:[   58] Training loss: 0.29743514, Validation loss: 0.28940399, Gradient norm: 2.65017803
INFO:root:At the start of the epoch: mem (CPU python)=11375.171875MB; mem (CPU total)=23902.0MB
INFO:root:[   59] Training loss: 0.29693872, Validation loss: 0.28636358, Gradient norm: 3.10373951
INFO:root:At the start of the epoch: mem (CPU python)=11375.171875MB; mem (CPU total)=23938.0MB
INFO:root:[   60] Training loss: 0.29399961, Validation loss: 0.28661376, Gradient norm: 2.40936370
INFO:root:At the start of the epoch: mem (CPU python)=11393.16015625MB; mem (CPU total)=23964.05859375MB
INFO:root:Learning rate reduced to: 0.0025
INFO:root:[   61] Training loss: 0.29892070, Validation loss: 0.30046881, Gradient norm: 2.77071766
INFO:root:At the start of the epoch: mem (CPU python)=11415.2890625MB; mem (CPU total)=24045.46484375MB
INFO:root:Learning rate reduced to: 0.00125
INFO:root:[   62] Training loss: 0.27765141, Validation loss: 0.25771150, Gradient norm: 2.37582606
INFO:root:At the start of the epoch: mem (CPU python)=11471.8125MB; mem (CPU total)=24083.95703125MB
INFO:root:[   63] Training loss: 0.26968148, Validation loss: 0.25345947, Gradient norm: 1.49392460
INFO:root:At the start of the epoch: mem (CPU python)=11471.8125MB; mem (CPU total)=24057.4609375MB
INFO:root:[   64] Training loss: 0.26856284, Validation loss: 0.25207204, Gradient norm: 1.86337266
INFO:root:At the start of the epoch: mem (CPU python)=11489.30859375MB; mem (CPU total)=24141.2734375MB
INFO:root:[   65] Training loss: 0.26948187, Validation loss: 0.25196263, Gradient norm: 2.01708764
INFO:root:At the start of the epoch: mem (CPU python)=11532.12109375MB; mem (CPU total)=24146.64453125MB
INFO:root:[   66] Training loss: 0.26858447, Validation loss: 0.25297638, Gradient norm: 2.37201628
INFO:root:At the start of the epoch: mem (CPU python)=11532.12109375MB; mem (CPU total)=24179.92578125MB
INFO:root:[   67] Training loss: 0.26827528, Validation loss: 0.25137673, Gradient norm: 2.57634430
INFO:root:At the start of the epoch: mem (CPU python)=11538.96875MB; mem (CPU total)=24233.82421875MB
INFO:root:[   68] Training loss: 0.26781751, Validation loss: 0.25074654, Gradient norm: 2.82938612
INFO:root:At the start of the epoch: mem (CPU python)=11573.8828125MB; mem (CPU total)=24239.5390625MB
INFO:root:[   69] Training loss: 0.26837485, Validation loss: 0.25054188, Gradient norm: 2.92856457
INFO:root:At the start of the epoch: mem (CPU python)=11596.42578125MB; mem (CPU total)=24266.18359375MB
INFO:root:[   70] Training loss: 0.26859328, Validation loss: 0.25179181, Gradient norm: 3.30931448
INFO:root:At the start of the epoch: mem (CPU python)=11615.94921875MB; mem (CPU total)=24321.0546875MB
INFO:root:[   71] Training loss: 0.26797376, Validation loss: 0.25114491, Gradient norm: 3.25650564
INFO:root:At the start of the epoch: mem (CPU python)=11635.1328125MB; mem (CPU total)=24378.65625MB
INFO:root:[   72] Training loss: 0.26742078, Validation loss: 0.24808854, Gradient norm: 3.58499195
INFO:root:At the start of the epoch: mem (CPU python)=11658.15625MB; mem (CPU total)=24404.31640625MB
INFO:root:[   73] Training loss: 0.26857047, Validation loss: 0.25154845, Gradient norm: 3.53958268
INFO:root:At the start of the epoch: mem (CPU python)=11691.2578125MB; mem (CPU total)=24393.8828125MB
INFO:root:[   74] Training loss: 0.26927099, Validation loss: 0.25242691, Gradient norm: 3.90841187
INFO:root:At the start of the epoch: mem (CPU python)=11735.8515625MB; mem (CPU total)=24466.7890625MB
INFO:root:[   75] Training loss: 0.26902170, Validation loss: 0.25132221, Gradient norm: 4.16850246
INFO:root:At the start of the epoch: mem (CPU python)=11735.8515625MB; mem (CPU total)=24524.21484375MB
INFO:root:[   76] Training loss: 0.26902201, Validation loss: 0.25062420, Gradient norm: 4.12475414
INFO:root:At the start of the epoch: mem (CPU python)=11744.171875MB; mem (CPU total)=24523.98828125MB
INFO:root:[   77] Training loss: 0.27015097, Validation loss: 0.25095867, Gradient norm: 4.32760730
INFO:root:At the start of the epoch: mem (CPU python)=11766.48046875MB; mem (CPU total)=24617.6640625MB
INFO:root:[   78] Training loss: 0.26952896, Validation loss: 0.25254396, Gradient norm: 4.50292728
INFO:root:At the start of the epoch: mem (CPU python)=11803.33984375MB; mem (CPU total)=24642.4296875MB
INFO:root:Learning rate reduced to: 0.000625
INFO:root:[   79] Training loss: 0.26839066, Validation loss: 0.25058336, Gradient norm: 4.64463748
INFO:root:At the start of the epoch: mem (CPU python)=11828.44921875MB; mem (CPU total)=24634.04296875MB
INFO:root:Learning rate reduced to: 0.0003125
INFO:root:[   80] Training loss: 0.26551971, Validation loss: 0.24691043, Gradient norm: 3.03961696
INFO:root:At the start of the epoch: mem (CPU python)=11839.7421875MB; mem (CPU total)=24646.9765625MB
INFO:root:[   81] Training loss: 0.26305339, Validation loss: 0.24597239, Gradient norm: 1.76747099
INFO:root:At the start of the epoch: mem (CPU python)=11850.4453125MB; mem (CPU total)=24753.0625MB
INFO:root:[   82] Training loss: 0.26236669, Validation loss: 0.24505433, Gradient norm: 2.05313080
INFO:root:At the start of the epoch: mem (CPU python)=11900.8046875MB; mem (CPU total)=24760.21875MB
INFO:root:[   83] Training loss: 0.26282138, Validation loss: 0.24482293, Gradient norm: 2.12540394
INFO:root:At the start of the epoch: mem (CPU python)=11912.73828125MB; mem (CPU total)=24796.23046875MB
INFO:root:[   84] Training loss: 0.26254383, Validation loss: 0.24575446, Gradient norm: 2.28970674
INFO:root:At the start of the epoch: mem (CPU python)=11925.14453125MB; mem (CPU total)=24842.109375MB
INFO:root:[   85] Training loss: 0.26348780, Validation loss: 0.24538375, Gradient norm: 3.90816068
INFO:root:At the start of the epoch: mem (CPU python)=11959.19140625MB; mem (CPU total)=24914.96484375MB
INFO:root:[   86] Training loss: 0.26196697, Validation loss: 0.24461828, Gradient norm: 2.96693109
INFO:root:At the start of the epoch: mem (CPU python)=11965.98046875MB; mem (CPU total)=24845.015625MB
INFO:root:[   87] Training loss: 0.26217313, Validation loss: 0.24437078, Gradient norm: 2.85099901
INFO:root:At the start of the epoch: mem (CPU python)=11976.6015625MB; mem (CPU total)=24857.6796875MB
INFO:root:[   88] Training loss: 0.26197454, Validation loss: 0.24481112, Gradient norm: 2.94012200
INFO:root:At the start of the epoch: mem (CPU python)=11998.390625MB; mem (CPU total)=24916.58203125MB
INFO:root:[   89] Training loss: 0.26222069, Validation loss: 0.24503976, Gradient norm: 3.55894872
INFO:root:At the start of the epoch: mem (CPU python)=12029.10546875MB; mem (CPU total)=24940.3359375MB
INFO:root:[   90] Training loss: 0.26342769, Validation loss: 0.24461108, Gradient norm: 5.02067618
INFO:root:At the start of the epoch: mem (CPU python)=12063.1953125MB; mem (CPU total)=24951.57421875MB
INFO:root:[   91] Training loss: 0.26308508, Validation loss: 0.24751243, Gradient norm: 4.90550499
INFO:root:At the start of the epoch: mem (CPU python)=12063.1953125MB; mem (CPU total)=24964.3515625MB
INFO:root:[   92] Training loss: 0.26241323, Validation loss: 0.24425571, Gradient norm: 4.28156532
INFO:root:At the start of the epoch: mem (CPU python)=12081.21484375MB; mem (CPU total)=25016.44921875MB
INFO:root:[   93] Training loss: 0.26224942, Validation loss: 0.24417125, Gradient norm: 3.45089360
INFO:root:At the start of the epoch: mem (CPU python)=12090.796875MB; mem (CPU total)=24981.12890625MB
INFO:root:[   94] Training loss: 0.26264070, Validation loss: 0.24492588, Gradient norm: 3.70660244
INFO:root:At the start of the epoch: mem (CPU python)=12148.5546875MB; mem (CPU total)=25100.6171875MB
INFO:root:[   95] Training loss: 0.26373230, Validation loss: 0.24488406, Gradient norm: 5.60623482
INFO:root:At the start of the epoch: mem (CPU python)=12166.5MB; mem (CPU total)=25087.77734375MB
INFO:root:[   96] Training loss: 0.26270789, Validation loss: 0.24473235, Gradient norm: 4.60021550
INFO:root:At the start of the epoch: mem (CPU python)=12179.7890625MB; mem (CPU total)=25124.9921875MB
INFO:root:[   97] Training loss: 0.26197845, Validation loss: 0.24482336, Gradient norm: 3.77869994
INFO:root:At the start of the epoch: mem (CPU python)=12186.79296875MB; mem (CPU total)=25145.3515625MB
INFO:root:[   98] Training loss: 0.26238557, Validation loss: 0.24406175, Gradient norm: 4.10512406
INFO:root:At the start of the epoch: mem (CPU python)=12198.37109375MB; mem (CPU total)=25175.03125MB
INFO:root:[   99] Training loss: 0.26222980, Validation loss: 0.24471997, Gradient norm: 4.30054138
INFO:root:At the start of the epoch: mem (CPU python)=12206.65234375MB; mem (CPU total)=25242.7265625MB
INFO:root:[  100] Training loss: 0.26225285, Validation loss: 0.24478441, Gradient norm: 4.47539533
INFO:root:At the start of the epoch: mem (CPU python)=12249.82421875MB; mem (CPU total)=25264.046875MB
INFO:root:[  101] Training loss: 0.26249553, Validation loss: 0.24493959, Gradient norm: 4.57344122
INFO:root:At the start of the epoch: mem (CPU python)=12284.63671875MB; mem (CPU total)=25340.703125MB
INFO:root:[  102] Training loss: 0.26208704, Validation loss: 0.24461984, Gradient norm: 4.75163397
INFO:root:At the start of the epoch: mem (CPU python)=12317.41796875MB; mem (CPU total)=25328.9765625MB
INFO:root:[  103] Training loss: 0.26250548, Validation loss: 0.24510344, Gradient norm: 4.88271983
INFO:root:At the start of the epoch: mem (CPU python)=12340.71875MB; mem (CPU total)=25348.33984375MB
INFO:root:[  104] Training loss: 0.26211042, Validation loss: 0.24391438, Gradient norm: 4.98358335
INFO:root:At the start of the epoch: mem (CPU python)=12349.5546875MB; mem (CPU total)=25481.12890625MB
INFO:root:[  105] Training loss: 0.26240290, Validation loss: 0.24384327, Gradient norm: 5.07727083
INFO:root:At the start of the epoch: mem (CPU python)=12367.0234375MB; mem (CPU total)=25403.01953125MB
INFO:root:[  106] Training loss: 0.26227685, Validation loss: 0.24368603, Gradient norm: 5.40780812
INFO:root:At the start of the epoch: mem (CPU python)=12389.27734375MB; mem (CPU total)=25507.80859375MB
INFO:root:[  107] Training loss: 0.26196754, Validation loss: 0.24661948, Gradient norm: 5.47191646
INFO:root:At the start of the epoch: mem (CPU python)=12400.75MB; mem (CPU total)=25520.41015625MB
INFO:root:[  108] Training loss: 0.26262680, Validation loss: 0.24440229, Gradient norm: 5.23907622
INFO:root:At the start of the epoch: mem (CPU python)=12433.53125MB; mem (CPU total)=25560.18359375MB
INFO:root:[  109] Training loss: 0.26282919, Validation loss: 0.24355310, Gradient norm: 5.82665501
INFO:root:At the start of the epoch: mem (CPU python)=12453.9609375MB; mem (CPU total)=25592.26953125MB
INFO:root:[  110] Training loss: 0.26236248, Validation loss: 0.24337227, Gradient norm: 6.10473071
INFO:root:At the start of the epoch: mem (CPU python)=12475.99609375MB; mem (CPU total)=25598.875MB
INFO:root:[  111] Training loss: 0.26277807, Validation loss: 0.24437858, Gradient norm: 6.28903416
INFO:root:At the start of the epoch: mem (CPU python)=12496.9140625MB; mem (CPU total)=25681.76171875MB
INFO:root:[  112] Training loss: 0.26277396, Validation loss: 0.24378300, Gradient norm: 6.49906335
INFO:root:At the start of the epoch: mem (CPU python)=12517.61328125MB; mem (CPU total)=25714.85546875MB
INFO:root:[  113] Training loss: 0.26282908, Validation loss: 0.24534687, Gradient norm: 6.77997319
INFO:root:At the start of the epoch: mem (CPU python)=12517.61328125MB; mem (CPU total)=25731.5078125MB
INFO:root:[  114] Training loss: 0.26279388, Validation loss: 0.24498574, Gradient norm: 6.73593752
INFO:root:At the start of the epoch: mem (CPU python)=12560.24609375MB; mem (CPU total)=25742.0703125MB
INFO:root:[  115] Training loss: 0.26273072, Validation loss: 0.24378128, Gradient norm: 6.68845413
INFO:root:At the start of the epoch: mem (CPU python)=12581.23828125MB; mem (CPU total)=25801.76953125MB
INFO:root:[  116] Training loss: 0.26303442, Validation loss: 0.24555534, Gradient norm: 7.32657409
INFO:root:At the start of the epoch: mem (CPU python)=12581.23828125MB; mem (CPU total)=25824.30859375MB
INFO:root:Learning rate reduced to: 0.00015625
INFO:root:[  117] Training loss: 0.26266865, Validation loss: 0.24521471, Gradient norm: 7.18704428
INFO:root:At the start of the epoch: mem (CPU python)=12624.109375MB; mem (CPU total)=25864.1015625MB
INFO:root:Learning rate reduced to: 7.8125e-05
INFO:root:[  118] Training loss: 0.26223624, Validation loss: 0.24345294, Gradient norm: 6.73560570
INFO:root:At the start of the epoch: mem (CPU python)=12645.48828125MB; mem (CPU total)=25914.67578125MB
INFO:root:[  119] Training loss: 0.26125310, Validation loss: 0.24307302, Gradient norm: 3.33471187
INFO:root:At the start of the epoch: mem (CPU python)=12677.87890625MB; mem (CPU total)=25912.46875MB
INFO:root:[  120] Training loss: 0.26074407, Validation loss: 0.24226847, Gradient norm: 3.48009638
INFO:root:At the start of the epoch: mem (CPU python)=12686.99609375MB; mem (CPU total)=25970.00390625MB
INFO:root:[  121] Training loss: 0.26068379, Validation loss: 0.24255852, Gradient norm: 3.16640190
INFO:root:At the start of the epoch: mem (CPU python)=12708.6484375MB; mem (CPU total)=26027.71875MB
INFO:root:[  122] Training loss: 0.26065104, Validation loss: 0.24308401, Gradient norm: 3.44487995
INFO:root:At the start of the epoch: mem (CPU python)=12729.046875MB; mem (CPU total)=26032.10546875MB
INFO:root:[  123] Training loss: 0.26022370, Validation loss: 0.24266672, Gradient norm: 4.02061398
INFO:root:At the start of the epoch: mem (CPU python)=12736.84375MB; mem (CPU total)=26101.6015625MB
INFO:root:[  124] Training loss: 0.25989851, Validation loss: 0.24246479, Gradient norm: 3.57446304
INFO:root:At the start of the epoch: mem (CPU python)=12772.0625MB; mem (CPU total)=26152.64453125MB
INFO:root:[  125] Training loss: 0.26063941, Validation loss: 0.24257587, Gradient norm: 3.74186423
INFO:root:At the start of the epoch: mem (CPU python)=12781.5MB; mem (CPU total)=26192.30078125MB
INFO:root:[  126] Training loss: 0.26059675, Validation loss: 0.24216636, Gradient norm: 3.90484144
INFO:root:At the start of the epoch: mem (CPU python)=12802.95703125MB; mem (CPU total)=26158.17578125MB
INFO:root:[  127] Training loss: 0.26022010, Validation loss: 0.24227542, Gradient norm: 3.62514536
INFO:root:At the start of the epoch: mem (CPU python)=12802.95703125MB; mem (CPU total)=26189.65625MB
INFO:root:[  128] Training loss: 0.25995087, Validation loss: 0.24210445, Gradient norm: 4.25938583
INFO:root:At the start of the epoch: mem (CPU python)=12856.9765625MB; mem (CPU total)=26231.3984375MB
INFO:root:[  129] Training loss: 0.26018820, Validation loss: 0.24213908, Gradient norm: 3.95459902
INFO:root:At the start of the epoch: mem (CPU python)=12887.87890625MB; mem (CPU total)=26286.3203125MB
INFO:root:[  130] Training loss: 0.26059445, Validation loss: 0.24206694, Gradient norm: 4.35769445
INFO:root:At the start of the epoch: mem (CPU python)=12898.09375MB; mem (CPU total)=26345.23046875MB
INFO:root:[  131] Training loss: 0.25990489, Validation loss: 0.24211259, Gradient norm: 4.25660181
INFO:root:At the start of the epoch: mem (CPU python)=12920.46484375MB; mem (CPU total)=26333.37890625MB
INFO:root:[  132] Training loss: 0.25984724, Validation loss: 0.24220713, Gradient norm: 4.64300111
INFO:root:At the start of the epoch: mem (CPU python)=12926.1328125MB; mem (CPU total)=26403.859375MB
INFO:root:[  133] Training loss: 0.26030214, Validation loss: 0.24239820, Gradient norm: 4.50426972
INFO:root:At the start of the epoch: mem (CPU python)=12957.76953125MB; mem (CPU total)=26401.140625MB
INFO:root:[  134] Training loss: 0.26032921, Validation loss: 0.24249853, Gradient norm: 4.20485818
INFO:root:At the start of the epoch: mem (CPU python)=12981.796875MB; mem (CPU total)=26439.5625MB
INFO:root:[  135] Training loss: 0.26066355, Validation loss: 0.24226086, Gradient norm: 5.02164440
INFO:root:At the start of the epoch: mem (CPU python)=12993.62890625MB; mem (CPU total)=26512.47265625MB
INFO:root:[  136] Training loss: 0.26015063, Validation loss: 0.24254212, Gradient norm: 4.13152348
INFO:root:At the start of the epoch: mem (CPU python)=13024.55078125MB; mem (CPU total)=26557.77734375MB
INFO:root:[  137] Training loss: 0.26014454, Validation loss: 0.24190939, Gradient norm: 4.27906750
INFO:root:At the start of the epoch: mem (CPU python)=13058.13671875MB; mem (CPU total)=26542.23828125MB
INFO:root:[  138] Training loss: 0.26053751, Validation loss: 0.24309585, Gradient norm: 4.81880398
INFO:root:At the start of the epoch: mem (CPU python)=13068.59765625MB; mem (CPU total)=26582.65625MB
INFO:root:[  139] Training loss: 0.26027827, Validation loss: 0.24312068, Gradient norm: 4.35875420
INFO:root:At the start of the epoch: mem (CPU python)=13100.359375MB; mem (CPU total)=26598.2734375MB
INFO:root:[  140] Training loss: 0.26027668, Validation loss: 0.24256895, Gradient norm: 5.42792091
INFO:root:At the start of the epoch: mem (CPU python)=13108.94921875MB; mem (CPU total)=26663.77734375MB
INFO:root:[  141] Training loss: 0.26044718, Validation loss: 0.24240424, Gradient norm: 4.90590229
INFO:root:At the start of the epoch: mem (CPU python)=13132.078125MB; mem (CPU total)=26743.29296875MB
INFO:root:[  142] Training loss: 0.26033796, Validation loss: 0.24248517, Gradient norm: 4.63027642
INFO:root:At the start of the epoch: mem (CPU python)=13176.6484375MB; mem (CPU total)=26793.734375MB
INFO:root:[  143] Training loss: 0.26014877, Validation loss: 0.24205071, Gradient norm: 4.89051891
INFO:root:At the start of the epoch: mem (CPU python)=13176.6484375MB; mem (CPU total)=26747.3203125MB
INFO:root:[  144] Training loss: 0.26051263, Validation loss: 0.24225082, Gradient norm: 4.52156603
INFO:root:At the start of the epoch: mem (CPU python)=13207.51953125MB; mem (CPU total)=26791.06640625MB
INFO:root:[  145] Training loss: 0.26032923, Validation loss: 0.24213016, Gradient norm: 4.29988011
INFO:root:At the start of the epoch: mem (CPU python)=13207.51953125MB; mem (CPU total)=26826.0546875MB
INFO:root:[  146] Training loss: 0.26035593, Validation loss: 0.24221791, Gradient norm: 5.68116936
INFO:root:At the start of the epoch: mem (CPU python)=13238.15234375MB; mem (CPU total)=26882.4453125MB
INFO:root:EP 146: Early stopping
INFO:root:Training for autoregressive step 2 starts now.
INFO:root:Learning rate reduced to: [3.90625e-05]
INFO:root:At the start of the epoch: mem (CPU python)=13238.15234375MB; mem (CPU total)=26952.92578125MB
INFO:root:[  148] Training loss: 0.33499792, Validation loss: 0.29831677, Gradient norm: 9.90616750
INFO:root:At the start of the epoch: mem (CPU python)=13272.09375MB; mem (CPU total)=26947.328125MB
INFO:root:[  149] Training loss: 0.33312584, Validation loss: 0.29773910, Gradient norm: 9.82152302
INFO:root:At the start of the epoch: mem (CPU python)=13274.19921875MB; mem (CPU total)=26978.77734375MB
INFO:root:[  150] Training loss: 0.33149594, Validation loss: 0.29931723, Gradient norm: 8.93253357
INFO:root:At the start of the epoch: mem (CPU python)=13283.36328125MB; mem (CPU total)=27019.2421875MB
INFO:root:[  151] Training loss: 0.33048301, Validation loss: 0.29756764, Gradient norm: 11.71520530
INFO:root:At the start of the epoch: mem (CPU python)=13304.40234375MB; mem (CPU total)=27076.953125MB
INFO:root:[  152] Training loss: 0.33017405, Validation loss: 0.29876219, Gradient norm: 11.38225965
INFO:root:At the start of the epoch: mem (CPU python)=13325.70703125MB; mem (CPU total)=27104.3359375MB
INFO:root:[  153] Training loss: 0.32955419, Validation loss: 0.29844968, Gradient norm: 10.98340562
INFO:root:At the start of the epoch: mem (CPU python)=13346.734375MB; mem (CPU total)=27144.7578125MB
INFO:root:[  154] Training loss: 0.32885002, Validation loss: 0.29919767, Gradient norm: 11.82809261
INFO:root:At the start of the epoch: mem (CPU python)=13367.89453125MB; mem (CPU total)=27153.0MB
INFO:root:[  155] Training loss: 0.32843194, Validation loss: 0.29833248, Gradient norm: 12.11620547
INFO:root:At the start of the epoch: mem (CPU python)=13389.05859375MB; mem (CPU total)=27242.01171875MB
INFO:root:[  156] Training loss: 0.32728438, Validation loss: 0.29756119, Gradient norm: 11.65893974
INFO:root:At the start of the epoch: mem (CPU python)=13435.1328125MB; mem (CPU total)=27287.95703125MB
INFO:root:[  157] Training loss: 0.32860594, Validation loss: 0.29874752, Gradient norm: 12.31404209
INFO:root:At the start of the epoch: mem (CPU python)=13435.1328125MB; mem (CPU total)=27332.04296875MB
INFO:root:[  158] Training loss: 0.32800383, Validation loss: 0.29779573, Gradient norm: 12.24487113
INFO:root:At the start of the epoch: mem (CPU python)=13452.54296875MB; mem (CPU total)=27376.56640625MB
INFO:root:[  159] Training loss: 0.32700099, Validation loss: 0.29840552, Gradient norm: 11.85713505
INFO:root:At the start of the epoch: mem (CPU python)=13473.71484375MB; mem (CPU total)=27419.4375MB
INFO:root:[  160] Training loss: 0.32701779, Validation loss: 0.29841161, Gradient norm: 12.96837985
INFO:root:At the start of the epoch: mem (CPU python)=13494.87109375MB; mem (CPU total)=27491.671875MB
INFO:root:[  161] Training loss: 0.32656761, Validation loss: 0.30030307, Gradient norm: 11.40470663
INFO:root:At the start of the epoch: mem (CPU python)=13516.61328125MB; mem (CPU total)=27540.0234375MB
INFO:root:[  162] Training loss: 0.32686727, Validation loss: 0.29845008, Gradient norm: 13.73726992
INFO:root:At the start of the epoch: mem (CPU python)=13537.203125MB; mem (CPU total)=27564.62890625MB
INFO:root:[  163] Training loss: 0.32611687, Validation loss: 0.29924736, Gradient norm: 11.97218291
INFO:root:At the start of the epoch: mem (CPU python)=13558.3671875MB; mem (CPU total)=27563.82421875MB
INFO:root:[  164] Training loss: 0.32644582, Validation loss: 0.29798682, Gradient norm: 13.06843071
INFO:root:At the start of the epoch: mem (CPU python)=13579.5390625MB; mem (CPU total)=27586.83203125MB
INFO:root:[  165] Training loss: 0.32611210, Validation loss: 0.29901960, Gradient norm: 12.33734818
INFO:root:At the start of the epoch: mem (CPU python)=13600.5625MB; mem (CPU total)=27683.91796875MB
INFO:root:EP 165: Early stopping
INFO:root:After finishing all epochs: mem (CPU python)=13621.8671875MB; mem (CPU total)=27709.7578125MB
INFO:root:Training the model took 6647.593s.
INFO:root:Emptying the cuda cache took 0.068s.
INFO:root:Starting evaluation: model SFNO & uncertainty quantification scoring-rule-reparam
INFO:root:Evaluating the model on Validation data.
INFO:root:MSEValidation: 0.48649
INFO:root:EnergyScoreValidation: 0.3433
INFO:root:CRPSValidation: 0.18325
INFO:root:Gaussian NLLValidation: 174.51141
INFO:root:CoverageValidation: 0.26888
INFO:root:IntervalWidthValidation: 0.38286
INFO:root:Evaluating the model on Test data.
INFO:root:MSETest: 0.37821
INFO:root:EnergyScoreTest: 0.26753
INFO:root:CRPSTest: 0.153
INFO:root:Gaussian NLLTest: 21254337658.88001
INFO:root:CoverageTest: 0.05144
INFO:root:IntervalWidthTest: 0.14616
INFO:root:After validation: mem (CPU python)=13621.8671875MB; mem (CPU total)=27860.69140625MB
